Component: ARM Compiler 5.06 (build 20) Tool: armlink [4d35a3]

==============================================================================

Section Cross References

    l0_matrix_driver.o(i.RGBMatrixDriver) refers to l0_matrix_driver.o(i.DriveDisplay) for DriveDisplay
    l0_matrix_driver.o(i.RGBMatrixDriver) refers to l0_matrix_driver.o(.data) for addr
    l0_matrix_driver.o(i.RGBMatrixDriver) refers to l1_image_processing.o(.bss) for framebuff
    l0_gpio_init.o(i.gpio_init) refers to xmc4_gpio.o(i.XMC_GPIO_Init) for XMC_GPIO_Init
    l0_gpio_init.o(i.gpio_init) refers to l0_gpio_init.o(.constdata) for .constdata
    l1_image_processing.o(i.framebuffer_update_1px) refers to l1_image_processing.o(i.gamma_cor) for gamma_cor
    l1_image_processing.o(i.framebuffer_update_1px) refers to l1_image_processing.o(.data) for height
    l1_image_processing.o(i.framebuffer_update_1px) refers to l1_image_processing.o(.bss) for framebuff
    l1_image_processing.o(i.gamma_cor) refers to l1_image_processing.o(.constdata) for gamma_map
    l1_image_processing.o(i.initEmptyPanel) refers to l1_image_processing.o(.bss) for framebuff
    l0_uart_init.o(i.uart_init) refers to xmc4_gpio.o(i.XMC_GPIO_Init) for XMC_GPIO_Init
    l0_uart_init.o(i.uart_init) refers to xmc_uart.o(i.XMC_UART_CH_Init) for XMC_UART_CH_Init
    l0_uart_init.o(i.uart_init) refers to xmc_usic.o(i.XMC_USIC_CH_RXFIFO_Configure) for XMC_USIC_CH_RXFIFO_Configure
    l0_uart_init.o(i.uart_init) refers to l0_uart_init.o(.constdata) for .constdata
    main.o(i.main) refers to l0_gpio_init.o(i.gpio_init) for gpio_init
    main.o(i.main) refers to l0_uart_init.o(i.uart_init) for uart_init
    main.o(i.main) refers to l1_image_processing.o(i.initEmptyPanel) for initEmptyPanel
    main.o(i.main) refers to l0_uart.o(i.getPixelsFromUART) for getPixelsFromUART
    main.o(i.main) refers to l0_matrix_driver.o(i.RGBMatrixDriver) for RGBMatrixDriver
    l0_uart.o(i.getPixelsFromUART) refers to l0_uart.o(i.XMC_USIC_CH_RXFIFO_IsEmpty) for XMC_USIC_CH_RXFIFO_IsEmpty
    l0_uart.o(i.getPixelsFromUART) refers to l0_uart.o(i.XMC_USIC_CH_RXFIFO_GetLevel) for XMC_USIC_CH_RXFIFO_GetLevel
    l0_uart.o(i.getPixelsFromUART) refers to l0_uart.o(i.XMC_USIC_CH_RXFIFO_GetData) for XMC_USIC_CH_RXFIFO_GetData
    l0_uart.o(i.getPixelsFromUART) refers to l1_image_processing.o(i.initEmptyPanel) for initEmptyPanel
    l0_uart.o(i.getPixelsFromUART) refers to l1_image_processing.o(i.framebuffer_update_1px) for framebuffer_update_1px
    l0_uart.o(i.getPixelsFromUART) refers to l0_uart.o(.data) for pixel
    l0_uart.o(i.getPixelsFromUART) refers to l0_uart.o(.bss) for pixelbuffer
    xmc4_scu.o(i.XMC_SCU_CLOCK_EnableHighPerformanceOscillator) refers to system_xmc4500.o(i.OSCHP_GetFrequency) for OSCHP_GetFrequency
    xmc4_scu.o(i.XMC_SCU_CLOCK_EnableLowPowerOscillator) refers to xmc4_scu.o(i.XMC_SCU_lDelay) for XMC_SCU_lDelay
    xmc4_scu.o(i.XMC_SCU_CLOCK_GetCcuClockFrequency) refers to xmc4_scu.o(i.XMC_SCU_CLOCK_GetSystemClockFrequency) for XMC_SCU_CLOCK_GetSystemClockFrequency
    xmc4_scu.o(i.XMC_SCU_CLOCK_GetEbuClockFrequency) refers to xmc4_scu.o(i.XMC_SCU_CLOCK_GetSystemPllClockFrequency) for XMC_SCU_CLOCK_GetSystemPllClockFrequency
    xmc4_scu.o(i.XMC_SCU_CLOCK_GetExternalOutputClockFrequency) refers to xmc4_scu.o(i.XMC_SCU_CLOCK_GetSystemPllClockFrequency) for XMC_SCU_CLOCK_GetSystemPllClockFrequency
    xmc4_scu.o(i.XMC_SCU_CLOCK_GetExternalOutputClockFrequency) refers to xmc4_scu.o(i.XMC_SCU_CLOCK_GetSystemClockFrequency) for XMC_SCU_CLOCK_GetSystemClockFrequency
    xmc4_scu.o(i.XMC_SCU_CLOCK_GetExternalOutputClockFrequency) refers to xmc4_scu.o(i.XMC_SCU_CLOCK_GetUsbPllClockFrequency) for XMC_SCU_CLOCK_GetUsbPllClockFrequency
    xmc4_scu.o(i.XMC_SCU_CLOCK_GetPeripheralClockFrequency) refers to system_xmc4500.o(.ARM.__AT_0x2000FFC0) for SystemCoreClock
    xmc4_scu.o(i.XMC_SCU_CLOCK_GetSystemClockFrequency) refers to system_xmc4500.o(.ARM.__AT_0x2000FFC0) for SystemCoreClock
    xmc4_scu.o(i.XMC_SCU_CLOCK_GetSystemPllClockFrequency) refers to xmc4_scu.o(i.XMC_SCU_CLOCK_GetSystemPllClockSourceFrequency) for XMC_SCU_CLOCK_GetSystemPllClockSourceFrequency
    xmc4_scu.o(i.XMC_SCU_CLOCK_GetSystemPllClockSourceFrequency) refers to system_xmc4500.o(i.OSCHP_GetFrequency) for OSCHP_GetFrequency
    xmc4_scu.o(i.XMC_SCU_CLOCK_GetUsbClockFrequency) refers to xmc4_scu.o(i.XMC_SCU_CLOCK_GetSystemPllClockFrequency) for XMC_SCU_CLOCK_GetSystemPllClockFrequency
    xmc4_scu.o(i.XMC_SCU_CLOCK_GetUsbClockFrequency) refers to xmc4_scu.o(i.XMC_SCU_CLOCK_GetUsbPllClockFrequency) for XMC_SCU_CLOCK_GetUsbPllClockFrequency
    xmc4_scu.o(i.XMC_SCU_CLOCK_GetUsbPllClockFrequency) refers to system_xmc4500.o(i.OSCHP_GetFrequency) for OSCHP_GetFrequency
    xmc4_scu.o(i.XMC_SCU_CLOCK_GetWdtClockFrequency) refers to xmc4_scu.o(i.XMC_SCU_CLOCK_GetSystemPllClockFrequency) for XMC_SCU_CLOCK_GetSystemPllClockFrequency
    xmc4_scu.o(i.XMC_SCU_CLOCK_Init) refers to xmc4_scu.o(i.XMC_SCU_CLOCK_SetSystemClockSource) for XMC_SCU_CLOCK_SetSystemClockSource
    xmc4_scu.o(i.XMC_SCU_CLOCK_Init) refers to xmc4_scu.o(i.XMC_SCU_HIB_EnableHibernateDomain) for XMC_SCU_HIB_EnableHibernateDomain
    xmc4_scu.o(i.XMC_SCU_CLOCK_Init) refers to xmc4_scu.o(i.XMC_SCU_CLOCK_EnableLowPowerOscillator) for XMC_SCU_CLOCK_EnableLowPowerOscillator
    xmc4_scu.o(i.XMC_SCU_CLOCK_Init) refers to xmc4_scu.o(i.XMC_SCU_HIB_SetStandbyClockSource) for XMC_SCU_HIB_SetStandbyClockSource
    xmc4_scu.o(i.XMC_SCU_CLOCK_Init) refers to xmc4_scu.o(i.XMC_SCU_CLOCK_SetBackupClockCalibrationMode) for XMC_SCU_CLOCK_SetBackupClockCalibrationMode
    xmc4_scu.o(i.XMC_SCU_CLOCK_Init) refers to xmc4_scu.o(i.XMC_SCU_CLOCK_SetSystemClockDivider) for XMC_SCU_CLOCK_SetSystemClockDivider
    xmc4_scu.o(i.XMC_SCU_CLOCK_Init) refers to xmc4_scu.o(i.XMC_SCU_CLOCK_SetCpuClockDivider) for XMC_SCU_CLOCK_SetCpuClockDivider
    xmc4_scu.o(i.XMC_SCU_CLOCK_Init) refers to xmc4_scu.o(i.XMC_SCU_CLOCK_SetCcuClockDivider) for XMC_SCU_CLOCK_SetCcuClockDivider
    xmc4_scu.o(i.XMC_SCU_CLOCK_Init) refers to xmc4_scu.o(i.XMC_SCU_CLOCK_SetPeripheralClockDivider) for XMC_SCU_CLOCK_SetPeripheralClockDivider
    xmc4_scu.o(i.XMC_SCU_CLOCK_Init) refers to xmc4_scu.o(i.XMC_SCU_CLOCK_EnableHighPerformanceOscillator) for XMC_SCU_CLOCK_EnableHighPerformanceOscillator
    xmc4_scu.o(i.XMC_SCU_CLOCK_Init) refers to xmc4_scu.o(i.XMC_SCU_CLOCK_DisableSystemPll) for XMC_SCU_CLOCK_DisableSystemPll
    xmc4_scu.o(i.XMC_SCU_CLOCK_Init) refers to xmc4_scu.o(i.XMC_SCU_CLOCK_EnableSystemPll) for XMC_SCU_CLOCK_EnableSystemPll
    xmc4_scu.o(i.XMC_SCU_CLOCK_Init) refers to xmc4_scu.o(i.XMC_SCU_CLOCK_StartSystemPll) for XMC_SCU_CLOCK_StartSystemPll
    xmc4_scu.o(i.XMC_SCU_CLOCK_Init) refers to system_xmc4500.o(i.SystemCoreClockUpdate) for SystemCoreClockUpdate
    xmc4_scu.o(i.XMC_SCU_CLOCK_SetBackupClockCalibrationMode) refers to xmc4_scu.o(i.XMC_SCU_lDelay) for XMC_SCU_lDelay
    xmc4_scu.o(i.XMC_SCU_CLOCK_StartSystemPll) refers to xmc4_scu.o(i.XMC_SCU_CLOCK_SetSystemPllClockSource) for XMC_SCU_CLOCK_SetSystemPllClockSource
    xmc4_scu.o(i.XMC_SCU_CLOCK_StartSystemPll) refers to system_xmc4500.o(i.OSCHP_GetFrequency) for OSCHP_GetFrequency
    xmc4_scu.o(i.XMC_SCU_CLOCK_StartSystemPll) refers to xmc4_scu.o(i.XMC_SCU_CLOCK_StepSystemPllFrequency) for XMC_SCU_CLOCK_StepSystemPllFrequency
    xmc4_scu.o(i.XMC_SCU_CLOCK_StepSystemPllFrequency) refers to xmc4_scu.o(i.XMC_SCU_lDelay) for XMC_SCU_lDelay
    xmc4_scu.o(i.XMC_SCU_GetTemperature) refers to xmc4_scu.o(i.XMC_SCU_IsTemperatureSensorEnabled) for XMC_SCU_IsTemperatureSensorEnabled
    xmc4_scu.o(i.XMC_SCU_HIB_EnableHibernateDomain) refers to xmc4_scu.o(i.XMC_SCU_lDelay) for XMC_SCU_lDelay
    xmc4_scu.o(i.XMC_SCU_INTERRUPT_SetEventHandler) refers to xmc4_scu.o(.bss) for event_handler_list
    xmc4_scu.o(i.XMC_SCU_IRQHandler) refers to xmc4_scu.o(i.XMC_SCU_INTERUPT_GetEventStatus) for XMC_SCU_INTERUPT_GetEventStatus
    xmc4_scu.o(i.XMC_SCU_IRQHandler) refers to xmc4_scu.o(i.XMC_SCU_INTERRUPT_ClearEventStatus) for XMC_SCU_INTERRUPT_ClearEventStatus
    xmc4_scu.o(i.XMC_SCU_IRQHandler) refers to xmc4_scu.o(.bss) for event_handler_list
    xmc4_scu.o(i.XMC_SCU_RESET_AssertPeripheralReset) refers to xmc4_scu.o(.constdata) for set_peripheral_reset
    xmc4_scu.o(i.XMC_SCU_RESET_DeassertPeripheralReset) refers to xmc4_scu.o(.constdata) for clear_peripheral_reset
    xmc4_scu.o(i.XMC_SCU_RESET_IsPeripheralResetAsserted) refers to xmc4_scu.o(.constdata) for clear_peripheral_reset
    xmc4_scu.o(i.XMC_SCU_StartTemperatureMeasurement) refers to xmc4_scu.o(i.XMC_SCU_IsTemperatureSensorEnabled) for XMC_SCU_IsTemperatureSensorEnabled
    xmc4_scu.o(i.XMC_SCU_StartTemperatureMeasurement) refers to xmc4_scu.o(i.XMC_SCU_IsTemperatureSensorBusy) for XMC_SCU_IsTemperatureSensorBusy
    xmc4_scu.o(i.XMC_SCU_lDelay) refers to system_xmc4500.o(i.SystemCoreClockUpdate) for SystemCoreClockUpdate
    xmc4_scu.o(i.XMC_SCU_lDelay) refers to system_xmc4500.o(.ARM.__AT_0x2000FFC0) for SystemCoreClock
    xmc4_usic.o(i.XMC_USIC_Disable) refers to xmc4_scu.o(i.XMC_SCU_RESET_AssertPeripheralReset) for XMC_SCU_RESET_AssertPeripheralReset
    xmc4_usic.o(i.XMC_USIC_Enable) refers to xmc4_scu.o(i.XMC_SCU_RESET_DeassertPeripheralReset) for XMC_SCU_RESET_DeassertPeripheralReset
    xmc_common.o(i.XMC_LIST_Add) refers to xmc_common.o(i.XMC_LIST_GetTail) for XMC_LIST_GetTail
    xmc_uart.o(i.XMC_UART_CH_Init) refers to xmc_usic.o(i.XMC_USIC_CH_Enable) for XMC_USIC_CH_Enable
    xmc_uart.o(i.XMC_UART_CH_Init) refers to xmc_usic.o(i.XMC_USIC_CH_SetBaudrate) for XMC_USIC_CH_SetBaudrate
    xmc_uart.o(i.XMC_UART_CH_SetBaudrate) refers to xmc4_scu.o(i.XMC_SCU_CLOCK_GetPeripheralClockFrequency) for XMC_SCU_CLOCK_GetPeripheralClockFrequency
    xmc_uart.o(i.XMC_UART_CH_SetBaudrate) refers to xmc_usic.o(i.XMC_USIC_CH_SetBaudrate) for XMC_USIC_CH_SetBaudrate
    xmc_usic.o(i.XMC_USIC_CH_Enable) refers to xmc4_usic.o(i.XMC_USIC_Enable) for XMC_USIC_Enable
    xmc_usic.o(i.XMC_USIC_CH_SetBaudrate) refers to xmc4_scu.o(i.XMC_SCU_CLOCK_GetPeripheralClockFrequency) for XMC_SCU_CLOCK_GetPeripheralClockFrequency
    startup_xmc4500.o(STACK) refers (Special) to heapauxi.o(.text) for __use_two_region_memory
    startup_xmc4500.o(HEAP) refers (Special) to heapauxi.o(.text) for __use_two_region_memory
    startup_xmc4500.o(RESET) refers (Special) to heapauxi.o(.text) for __use_two_region_memory
    startup_xmc4500.o(RESET) refers to startup_xmc4500.o(STACK) for __initial_sp
    startup_xmc4500.o(RESET) refers to startup_xmc4500.o(.text) for Reset_Handler
    startup_xmc4500.o(.text) refers (Special) to heapauxi.o(.text) for __use_two_region_memory
    startup_xmc4500.o(.text) refers to startup_xmc4500.o(STACK) for __initial_sp
    startup_xmc4500.o(.text) refers to system_xmc4500.o(i.SystemInit) for SystemInit
    startup_xmc4500.o(.text) refers to __main.o(!!!main) for __main
    startup_xmc4500.o(.text) refers to startup_xmc4500.o(HEAP) for Heap_Mem
    system_xmc4500.o(i.SystemCoreClockSetup) refers to system_xmc4500.o(i.delay) for delay
    system_xmc4500.o(i.SystemCoreClockSetup) refers to system_xmc4500.o(i.OSCHP_GetFrequency) for OSCHP_GetFrequency
    system_xmc4500.o(i.SystemCoreClockSetup) refers to system_xmc4500.o(i.SystemCoreClockUpdate) for SystemCoreClockUpdate
    system_xmc4500.o(i.SystemCoreClockUpdate) refers to system_xmc4500.o(i.OSCHP_GetFrequency) for OSCHP_GetFrequency
    system_xmc4500.o(i.SystemCoreClockUpdate) refers to system_xmc4500.o(.ARM.__AT_0x2000FFC0) for SystemCoreClock
    system_xmc4500.o(i.SystemCoreSetup) refers to startup_xmc4500.o(RESET) for __Vectors
    system_xmc4500.o(i.SystemInit) refers to rt_memcpy_v6.o(.text) for __aeabi_memcpy
    system_xmc4500.o(i.SystemInit) refers to system_xmc4500.o(i.SystemCoreSetup) for SystemCoreSetup
    system_xmc4500.o(i.SystemInit) refers to system_xmc4500.o(i.SystemCoreClockSetup) for SystemCoreClockSetup
    system_xmc4500.o(i.SystemInit) refers to system_xmc4500.o(.ARM.__AT_0x2000FFC4) for g_chipid
    rt_memcpy_v6.o(.text) refers to rt_memcpy_w.o(.text) for __aeabi_memcpy4
    __main.o(!!!main) refers to __rtentry.o(.ARM.Collect$$rtentry$$00000000) for __rt_entry
    __rtentry.o(.ARM.Collect$$rtentry$$00000000) refers (Special) to __rtentry2.o(.ARM.Collect$$rtentry$$0000000A) for __rt_entry_li
    __rtentry.o(.ARM.Collect$$rtentry$$00000000) refers (Special) to __rtentry2.o(.ARM.Collect$$rtentry$$0000000D) for __rt_entry_main
    __rtentry.o(.ARM.Collect$$rtentry$$00000000) refers (Special) to __rtentry2.o(.ARM.Collect$$rtentry$$0000000C) for __rt_entry_postli_1
    __rtentry.o(.ARM.Collect$$rtentry$$00000000) refers (Special) to __rtentry2.o(.ARM.Collect$$rtentry$$00000009) for __rt_entry_postsh_1
    __rtentry.o(.ARM.Collect$$rtentry$$00000000) refers (Special) to __rtentry2.o(.ARM.Collect$$rtentry$$00000002) for __rt_entry_presh_1
    __rtentry.o(.ARM.Collect$$rtentry$$00000000) refers (Special) to __rtentry4.o(.ARM.Collect$$rtentry$$00000004) for __rt_entry_sh
    __rtentry2.o(.ARM.Collect$$rtentry$$00000008) refers to boardinit2.o(.text) for _platform_post_stackheap_init
    __rtentry2.o(.ARM.Collect$$rtentry$$0000000A) refers to libinit.o(.ARM.Collect$$libinit$$00000000) for __rt_lib_init
    __rtentry2.o(.ARM.Collect$$rtentry$$0000000B) refers to boardinit3.o(.text) for _platform_post_lib_init
    __rtentry2.o(.ARM.Collect$$rtentry$$0000000D) refers to main.o(i.main) for main
    __rtentry2.o(.ARM.Collect$$rtentry$$0000000D) refers to exit.o(.text) for exit
    __rtentry2.o(.ARM.exidx) refers to __rtentry2.o(.ARM.Collect$$rtentry$$00000001) for .ARM.Collect$$rtentry$$00000001
    __rtentry2.o(.ARM.exidx) refers to __rtentry2.o(.ARM.Collect$$rtentry$$00000008) for .ARM.Collect$$rtentry$$00000008
    __rtentry2.o(.ARM.exidx) refers to __rtentry2.o(.ARM.Collect$$rtentry$$0000000A) for .ARM.Collect$$rtentry$$0000000A
    __rtentry2.o(.ARM.exidx) refers to __rtentry2.o(.ARM.Collect$$rtentry$$0000000B) for .ARM.Collect$$rtentry$$0000000B
    __rtentry2.o(.ARM.exidx) refers to __rtentry2.o(.ARM.Collect$$rtentry$$0000000D) for .ARM.Collect$$rtentry$$0000000D
    __rtentry4.o(.ARM.Collect$$rtentry$$00000004) refers to sys_stackheap_outer.o(.text) for __user_setup_stackheap
    __rtentry4.o(.ARM.exidx) refers to __rtentry4.o(.ARM.Collect$$rtentry$$00000004) for .ARM.Collect$$rtentry$$00000004
    sys_stackheap_outer.o(.text) refers to libspace.o(.text) for __user_perproc_libspace
    sys_stackheap_outer.o(.text) refers to startup_xmc4500.o(.text) for __user_initial_stackheap
    exit.o(.text) refers to rtexit.o(.ARM.Collect$$rtexit$$00000000) for __rt_exit
    libinit.o(.ARM.Collect$$libinit$$00000000) refers (Special) to libinit2.o(.ARM.Collect$$libinit$$0000002E) for __rt_lib_init_alloca_1
    libinit.o(.ARM.Collect$$libinit$$00000000) refers (Special) to libinit2.o(.ARM.Collect$$libinit$$0000002C) for __rt_lib_init_argv_1
    libinit.o(.ARM.Collect$$libinit$$00000000) refers (Special) to libinit2.o(.ARM.Collect$$libinit$$0000001B) for __rt_lib_init_atexit_1
    libinit.o(.ARM.Collect$$libinit$$00000000) refers (Special) to libinit2.o(.ARM.Collect$$libinit$$00000021) for __rt_lib_init_clock_1
    libinit.o(.ARM.Collect$$libinit$$00000000) refers (Special) to libinit2.o(.ARM.Collect$$libinit$$00000032) for __rt_lib_init_cpp_1
    libinit.o(.ARM.Collect$$libinit$$00000000) refers (Special) to libinit2.o(.ARM.Collect$$libinit$$00000030) for __rt_lib_init_exceptions_1
    libinit.o(.ARM.Collect$$libinit$$00000000) refers (Special) to libinit2.o(.ARM.Collect$$libinit$$00000001) for __rt_lib_init_fp_1
    libinit.o(.ARM.Collect$$libinit$$00000000) refers (Special) to libinit2.o(.ARM.Collect$$libinit$$0000001F) for __rt_lib_init_fp_trap_1
    libinit.o(.ARM.Collect$$libinit$$00000000) refers (Special) to libinit2.o(.ARM.Collect$$libinit$$00000023) for __rt_lib_init_getenv_1
    libinit.o(.ARM.Collect$$libinit$$00000000) refers (Special) to libinit2.o(.ARM.Collect$$libinit$$0000000A) for __rt_lib_init_heap_1
    libinit.o(.ARM.Collect$$libinit$$00000000) refers (Special) to libinit2.o(.ARM.Collect$$libinit$$00000011) for __rt_lib_init_lc_collate_1
    libinit.o(.ARM.Collect$$libinit$$00000000) refers (Special) to libinit2.o(.ARM.Collect$$libinit$$00000013) for __rt_lib_init_lc_ctype_1
    libinit.o(.ARM.Collect$$libinit$$00000000) refers (Special) to libinit2.o(.ARM.Collect$$libinit$$00000015) for __rt_lib_init_lc_monetary_1
    libinit.o(.ARM.Collect$$libinit$$00000000) refers (Special) to libinit2.o(.ARM.Collect$$libinit$$00000017) for __rt_lib_init_lc_numeric_1
    libinit.o(.ARM.Collect$$libinit$$00000000) refers (Special) to libinit2.o(.ARM.Collect$$libinit$$00000019) for __rt_lib_init_lc_time_1
    libinit.o(.ARM.Collect$$libinit$$00000000) refers (Special) to libinit2.o(.ARM.Collect$$libinit$$00000004) for __rt_lib_init_preinit_1
    libinit.o(.ARM.Collect$$libinit$$00000000) refers (Special) to libinit2.o(.ARM.Collect$$libinit$$0000000E) for __rt_lib_init_rand_1
    libinit.o(.ARM.Collect$$libinit$$00000000) refers (Special) to libinit2.o(.ARM.Collect$$libinit$$00000033) for __rt_lib_init_return
    libinit.o(.ARM.Collect$$libinit$$00000000) refers (Special) to libinit2.o(.ARM.Collect$$libinit$$0000001D) for __rt_lib_init_signal_1
    libinit.o(.ARM.Collect$$libinit$$00000000) refers (Special) to libinit2.o(.ARM.Collect$$libinit$$00000025) for __rt_lib_init_stdio_1
    libinit.o(.ARM.Collect$$libinit$$00000000) refers (Special) to libinit2.o(.ARM.Collect$$libinit$$0000000C) for __rt_lib_init_user_alloc_1
    libspace.o(.text) refers to libspace.o(.bss) for __libspace_start
    rtexit.o(.ARM.Collect$$rtexit$$00000000) refers (Special) to rtexit2.o(.ARM.Collect$$rtexit$$00000004) for __rt_exit_exit
    rtexit.o(.ARM.Collect$$rtexit$$00000000) refers (Special) to rtexit2.o(.ARM.Collect$$rtexit$$00000003) for __rt_exit_ls
    rtexit.o(.ARM.Collect$$rtexit$$00000000) refers (Special) to rtexit2.o(.ARM.Collect$$rtexit$$00000002) for __rt_exit_prels_1
    rtexit.o(.ARM.exidx) refers (Special) to rtexit2.o(.ARM.Collect$$rtexit$$00000004) for __rt_exit_exit
    rtexit.o(.ARM.exidx) refers (Special) to rtexit2.o(.ARM.Collect$$rtexit$$00000003) for __rt_exit_ls
    rtexit.o(.ARM.exidx) refers (Special) to rtexit2.o(.ARM.Collect$$rtexit$$00000002) for __rt_exit_prels_1
    rtexit.o(.ARM.exidx) refers to rtexit.o(.ARM.Collect$$rtexit$$00000000) for .ARM.Collect$$rtexit$$00000000
    libinit2.o(.ARM.Collect$$libinit$$00000001) refers to fpinit.o(x$fpl$fpinit) for _fp_init
    libinit2.o(.ARM.Collect$$libinit$$00000010) refers to libinit2.o(.ARM.Collect$$libinit$$0000000F) for .ARM.Collect$$libinit$$0000000F
    libinit2.o(.ARM.Collect$$libinit$$00000012) refers to libinit2.o(.ARM.Collect$$libinit$$0000000F) for .ARM.Collect$$libinit$$0000000F
    libinit2.o(.ARM.Collect$$libinit$$00000014) refers to libinit2.o(.ARM.Collect$$libinit$$0000000F) for .ARM.Collect$$libinit$$0000000F
    libinit2.o(.ARM.Collect$$libinit$$00000016) refers to libinit2.o(.ARM.Collect$$libinit$$0000000F) for .ARM.Collect$$libinit$$0000000F
    libinit2.o(.ARM.Collect$$libinit$$00000018) refers to libinit2.o(.ARM.Collect$$libinit$$0000000F) for .ARM.Collect$$libinit$$0000000F
    libinit2.o(.ARM.Collect$$libinit$$00000026) refers to argv_veneer.o(.emb_text) for __ARM_argv_veneer
    libinit2.o(.ARM.Collect$$libinit$$00000027) refers to argv_veneer.o(.emb_text) for __ARM_argv_veneer
    rtexit2.o(.ARM.Collect$$rtexit$$00000003) refers to libshutdown.o(.ARM.Collect$$libshutdown$$00000000) for __rt_lib_shutdown
    rtexit2.o(.ARM.Collect$$rtexit$$00000004) refers to sys_exit.o(.text) for _sys_exit
    rtexit2.o(.ARM.exidx) refers to rtexit2.o(.ARM.Collect$$rtexit$$00000001) for .ARM.Collect$$rtexit$$00000001
    rtexit2.o(.ARM.exidx) refers to rtexit2.o(.ARM.Collect$$rtexit$$00000003) for .ARM.Collect$$rtexit$$00000003
    rtexit2.o(.ARM.exidx) refers to rtexit2.o(.ARM.Collect$$rtexit$$00000004) for .ARM.Collect$$rtexit$$00000004
    argv_veneer.o(.emb_text) refers to no_argv.o(.text) for __ARM_get_argv
    sys_exit.o(.text) refers (Special) to use_no_semi.o(.text) for __I$use$semihosting
    sys_exit.o(.text) refers (Special) to indicate_semi.o(.text) for __semihosting_library_function
    _get_argv_nomalloc.o(.text) refers (Special) to hrguard.o(.text) for __heap_region$guard
    _get_argv_nomalloc.o(.text) refers to defsig_rtmem_outer.o(.text) for __rt_SIGRTMEM
    _get_argv_nomalloc.o(.text) refers to sys_command.o(.text) for _sys_command_string
    libshutdown.o(.ARM.Collect$$libshutdown$$00000000) refers (Special) to libshutdown2.o(.ARM.Collect$$libshutdown$$00000002) for __rt_lib_shutdown_cpp_1
    libshutdown.o(.ARM.Collect$$libshutdown$$00000000) refers (Special) to libshutdown2.o(.ARM.Collect$$libshutdown$$00000007) for __rt_lib_shutdown_fp_trap_1
    libshutdown.o(.ARM.Collect$$libshutdown$$00000000) refers (Special) to libshutdown2.o(.ARM.Collect$$libshutdown$$0000000F) for __rt_lib_shutdown_heap_1
    libshutdown.o(.ARM.Collect$$libshutdown$$00000000) refers (Special) to libshutdown2.o(.ARM.Collect$$libshutdown$$00000010) for __rt_lib_shutdown_return
    libshutdown.o(.ARM.Collect$$libshutdown$$00000000) refers (Special) to libshutdown2.o(.ARM.Collect$$libshutdown$$0000000A) for __rt_lib_shutdown_signal_1
    libshutdown.o(.ARM.Collect$$libshutdown$$00000000) refers (Special) to libshutdown2.o(.ARM.Collect$$libshutdown$$00000004) for __rt_lib_shutdown_stdio_1
    libshutdown.o(.ARM.Collect$$libshutdown$$00000000) refers (Special) to libshutdown2.o(.ARM.Collect$$libshutdown$$0000000C) for __rt_lib_shutdown_user_alloc_1
    sys_command.o(.text) refers (Special) to use_no_semi.o(.text) for __I$use$semihosting
    sys_command.o(.text) refers (Special) to indicate_semi.o(.text) for __semihosting_library_function
    defsig_rtmem_outer.o(.text) refers to defsig_rtmem_inner.o(.text) for __rt_SIGRTMEM_inner
    defsig_rtmem_outer.o(.text) refers to defsig_exit.o(.text) for __sig_exit
    defsig_rtmem_formal.o(.text) refers to rt_raise.o(.text) for __rt_raise
    rt_raise.o(.text) refers to __raise.o(.text) for __raise
    rt_raise.o(.text) refers to sys_exit.o(.text) for _sys_exit
    defsig_exit.o(.text) refers to sys_exit.o(.text) for _sys_exit
    defsig_rtmem_inner.o(.text) refers to defsig_general.o(.text) for __default_signal_display
    __raise.o(.text) refers to defsig.o(CL$$defsig) for __default_signal_handler
    defsig_general.o(.text) refers to sys_wrch.o(.text) for _ttywrch
    sys_wrch.o(.text) refers (Special) to use_no_semi.o(.text) for __I$use$semihosting
    sys_wrch.o(.text) refers (Special) to indicate_semi.o(.text) for __semihosting_library_function
    defsig.o(CL$$defsig) refers to defsig_rtmem_inner.o(.text) for __rt_SIGRTMEM_inner
    defsig_abrt_inner.o(.text) refers to defsig_general.o(.text) for __default_signal_display
    defsig_fpe_inner.o(.text) refers to defsig_general.o(.text) for __default_signal_display
    defsig_rtred_inner.o(.text) refers to defsig_general.o(.text) for __default_signal_display
    defsig_stak_inner.o(.text) refers to defsig_general.o(.text) for __default_signal_display
    defsig_pvfn_inner.o(.text) refers to defsig_general.o(.text) for __default_signal_display
    defsig_cppl_inner.o(.text) refers to defsig_general.o(.text) for __default_signal_display
    defsig_segv_inner.o(.text) refers to defsig_general.o(.text) for __default_signal_display
    defsig_other.o(.text) refers to defsig_general.o(.text) for __default_signal_display


==============================================================================

Removing Unused input sections from the image.

    Removing l0_matrix_driver.o(.rev16_text), (4 bytes).
    Removing l0_matrix_driver.o(.revsh_text), (4 bytes).
    Removing l0_matrix_driver.o(.rrx_text), (6 bytes).
    Removing l0_gpio_init.o(.rev16_text), (4 bytes).
    Removing l0_gpio_init.o(.revsh_text), (4 bytes).
    Removing l0_gpio_init.o(.rrx_text), (6 bytes).
    Removing l1_image_processing.o(.rev16_text), (4 bytes).
    Removing l1_image_processing.o(.revsh_text), (4 bytes).
    Removing l1_image_processing.o(.rrx_text), (6 bytes).
    Removing l0_uart_init.o(.rev16_text), (4 bytes).
    Removing l0_uart_init.o(.revsh_text), (4 bytes).
    Removing l0_uart_init.o(.rrx_text), (6 bytes).
    Removing main.o(.rev16_text), (4 bytes).
    Removing main.o(.revsh_text), (4 bytes).
    Removing main.o(.rrx_text), (6 bytes).
    Removing l0_uart.o(.rev16_text), (4 bytes).
    Removing l0_uart.o(.revsh_text), (4 bytes).
    Removing l0_uart.o(.rrx_text), (6 bytes).
    Removing xmc4_gpio.o(.rev16_text), (4 bytes).
    Removing xmc4_gpio.o(.revsh_text), (4 bytes).
    Removing xmc4_gpio.o(.rrx_text), (6 bytes).
    Removing xmc4_gpio.o(i.XMC_GPIO_SetOutputStrength), (64 bytes).
    Removing xmc4_scu.o(.rev16_text), (4 bytes).
    Removing xmc4_scu.o(.revsh_text), (4 bytes).
    Removing xmc4_scu.o(.rrx_text), (6 bytes).
    Removing xmc4_scu.o(i.XMC_SCU_CLOCK_DisableClock), (12 bytes).
    Removing xmc4_scu.o(i.XMC_SCU_CLOCK_DisableHighPerformanceOscillator), (20 bytes).
    Removing xmc4_scu.o(i.XMC_SCU_CLOCK_DisableLowPowerOscillator), (40 bytes).
    Removing xmc4_scu.o(i.XMC_SCU_CLOCK_DisableSystemPll), (24 bytes).
    Removing xmc4_scu.o(i.XMC_SCU_CLOCK_DisableUsbPll), (24 bytes).
    Removing xmc4_scu.o(i.XMC_SCU_CLOCK_EnableClock), (12 bytes).
    Removing xmc4_scu.o(i.XMC_SCU_CLOCK_EnableHighPerformanceOscillator), (92 bytes).
    Removing xmc4_scu.o(i.XMC_SCU_CLOCK_EnableLowPowerOscillator), (128 bytes).
    Removing xmc4_scu.o(i.XMC_SCU_CLOCK_EnableSystemPll), (24 bytes).
    Removing xmc4_scu.o(i.XMC_SCU_CLOCK_EnableUsbPll), (24 bytes).
    Removing xmc4_scu.o(i.XMC_SCU_CLOCK_GetCcuClockFrequency), (28 bytes).
    Removing xmc4_scu.o(i.XMC_SCU_CLOCK_GetEbuClockFrequency), (32 bytes).
    Removing xmc4_scu.o(i.XMC_SCU_CLOCK_GetExternalOutputClockFrequency), (84 bytes).
    Removing xmc4_scu.o(i.XMC_SCU_CLOCK_GetSystemClockFrequency), (24 bytes).
    Removing xmc4_scu.o(i.XMC_SCU_CLOCK_GetSystemPllClockFrequency), (96 bytes).
    Removing xmc4_scu.o(i.XMC_SCU_CLOCK_GetSystemPllClockSourceFrequency), (32 bytes).
    Removing xmc4_scu.o(i.XMC_SCU_CLOCK_GetUsbClockFrequency), (60 bytes).
    Removing xmc4_scu.o(i.XMC_SCU_CLOCK_GetUsbPllClockFrequency), (60 bytes).
    Removing xmc4_scu.o(i.XMC_SCU_CLOCK_GetWdtClockFrequency), (68 bytes).
    Removing xmc4_scu.o(i.XMC_SCU_CLOCK_Init), (122 bytes).
    Removing xmc4_scu.o(i.XMC_SCU_CLOCK_IsClockEnabled), (24 bytes).
    Removing xmc4_scu.o(i.XMC_SCU_CLOCK_IsSystemPllLocked), (16 bytes).
    Removing xmc4_scu.o(i.XMC_SCU_CLOCK_IsUsbPllLocked), (16 bytes).
    Removing xmc4_scu.o(i.XMC_SCU_CLOCK_SetBackupClockCalibrationMode), (60 bytes).
    Removing xmc4_scu.o(i.XMC_SCU_CLOCK_SetCcuClockDivider), (24 bytes).
    Removing xmc4_scu.o(i.XMC_SCU_CLOCK_SetCpuClockDivider), (24 bytes).
    Removing xmc4_scu.o(i.XMC_SCU_CLOCK_SetEbuClockDivider), (24 bytes).
    Removing xmc4_scu.o(i.XMC_SCU_CLOCK_SetExternalOutputClockDivider), (28 bytes).
    Removing xmc4_scu.o(i.XMC_SCU_CLOCK_SetExternalOutputClockSource), (20 bytes).
    Removing xmc4_scu.o(i.XMC_SCU_CLOCK_SetPeripheralClockDivider), (24 bytes).
    Removing xmc4_scu.o(i.XMC_SCU_CLOCK_SetSystemClockDivider), (24 bytes).
    Removing xmc4_scu.o(i.XMC_SCU_CLOCK_SetSystemClockSource), (20 bytes).
    Removing xmc4_scu.o(i.XMC_SCU_CLOCK_SetSystemPllClockSource), (40 bytes).
    Removing xmc4_scu.o(i.XMC_SCU_CLOCK_SetUsbClockDivider), (24 bytes).
    Removing xmc4_scu.o(i.XMC_SCU_CLOCK_SetUsbClockSource), (20 bytes).
    Removing xmc4_scu.o(i.XMC_SCU_CLOCK_SetWdtClockDivider), (24 bytes).
    Removing xmc4_scu.o(i.XMC_SCU_CLOCK_SetWdtClockSource), (20 bytes).
    Removing xmc4_scu.o(i.XMC_SCU_CLOCK_StartSystemPll), (364 bytes).
    Removing xmc4_scu.o(i.XMC_SCU_CLOCK_StartUsbPll), (88 bytes).
    Removing xmc4_scu.o(i.XMC_SCU_CLOCK_StepSystemPllFrequency), (36 bytes).
    Removing xmc4_scu.o(i.XMC_SCU_CLOCK_StopSystemPll), (20 bytes).
    Removing xmc4_scu.o(i.XMC_SCU_CLOCK_StopUsbPll), (16 bytes).
    Removing xmc4_scu.o(i.XMC_SCU_CalibrateTemperatureSensor), (20 bytes).
    Removing xmc4_scu.o(i.XMC_SCU_DisableOutOfRangeComparator), (24 bytes).
    Removing xmc4_scu.o(i.XMC_SCU_DisableTemperatureSensor), (24 bytes).
    Removing xmc4_scu.o(i.XMC_SCU_EnableOutOfRangeComparator), (24 bytes).
    Removing xmc4_scu.o(i.XMC_SCU_EnableTemperatureSensor), (24 bytes).
    Removing xmc4_scu.o(i.XMC_SCU_GetBootMode), (16 bytes).
    Removing xmc4_scu.o(i.XMC_SCU_GetTemperature), (32 bytes).
    Removing xmc4_scu.o(i.XMC_SCU_HIB_DisableHibernateDomain), (40 bytes).
    Removing xmc4_scu.o(i.XMC_SCU_HIB_DisableInternalSlowClock), (40 bytes).
    Removing xmc4_scu.o(i.XMC_SCU_HIB_EnableHibernateDomain), (88 bytes).
    Removing xmc4_scu.o(i.XMC_SCU_HIB_EnableInternalSlowClock), (40 bytes).
    Removing xmc4_scu.o(i.XMC_SCU_HIB_IsHibernateDomainEnabled), (36 bytes).
    Removing xmc4_scu.o(i.XMC_SCU_HIB_SetRtcClockSource), (44 bytes).
    Removing xmc4_scu.o(i.XMC_SCU_HIB_SetStandbyClockSource), (44 bytes).
    Removing xmc4_scu.o(i.XMC_SCU_INTERRUPT_ClearEventStatus), (20 bytes).
    Removing xmc4_scu.o(i.XMC_SCU_INTERRUPT_DisableEvent), (16 bytes).
    Removing xmc4_scu.o(i.XMC_SCU_INTERRUPT_DisableNmiRequest), (20 bytes).
    Removing xmc4_scu.o(i.XMC_SCU_INTERRUPT_EnableEvent), (16 bytes).
    Removing xmc4_scu.o(i.XMC_SCU_INTERRUPT_EnableNmiRequest), (20 bytes).
    Removing xmc4_scu.o(i.XMC_SCU_INTERRUPT_SetEventHandler), (48 bytes).
    Removing xmc4_scu.o(i.XMC_SCU_INTERRUPT_TriggerEvent), (20 bytes).
    Removing xmc4_scu.o(i.XMC_SCU_INTERUPT_GetEventStatus), (12 bytes).
    Removing xmc4_scu.o(i.XMC_SCU_IRQHandler), (64 bytes).
    Removing xmc4_scu.o(i.XMC_SCU_IsTemperatureSensorBusy), (16 bytes).
    Removing xmc4_scu.o(i.XMC_SCU_IsTemperatureSensorEnabled), (20 bytes).
    Removing xmc4_scu.o(i.XMC_SCU_IsTemperatureSensorReady), (16 bytes).
    Removing xmc4_scu.o(i.XMC_SCU_PARITY_ClearStatus), (24 bytes).
    Removing xmc4_scu.o(i.XMC_SCU_PARITY_Disable), (24 bytes).
    Removing xmc4_scu.o(i.XMC_SCU_PARITY_DisableTrapGeneration), (24 bytes).
    Removing xmc4_scu.o(i.XMC_SCU_PARITY_Enable), (24 bytes).
    Removing xmc4_scu.o(i.XMC_SCU_PARITY_EnableTrapGeneration), (24 bytes).
    Removing xmc4_scu.o(i.XMC_SCU_PARITY_GetStatus), (12 bytes).
    Removing xmc4_scu.o(i.XMC_SCU_POWER_DisableUsb), (40 bytes).
    Removing xmc4_scu.o(i.XMC_SCU_POWER_EnableUsb), (40 bytes).
    Removing xmc4_scu.o(i.XMC_SCU_RESET_AssertPeripheralReset), (32 bytes).
    Removing xmc4_scu.o(i.XMC_SCU_RESET_IsPeripheralResetAsserted), (32 bytes).
    Removing xmc4_scu.o(i.XMC_SCU_ReadFromRetentionMemory), (48 bytes).
    Removing xmc4_scu.o(i.XMC_SCU_ReadGPR), (16 bytes).
    Removing xmc4_scu.o(i.XMC_SCU_SetBootMode), (12 bytes).
    Removing xmc4_scu.o(i.XMC_SCU_StartTemperatureMeasurement), (44 bytes).
    Removing xmc4_scu.o(i.XMC_SCU_TRAP_ClearStatus), (24 bytes).
    Removing xmc4_scu.o(i.XMC_SCU_TRAP_Disable), (24 bytes).
    Removing xmc4_scu.o(i.XMC_SCU_TRAP_Enable), (24 bytes).
    Removing xmc4_scu.o(i.XMC_SCU_TRAP_GetStatus), (12 bytes).
    Removing xmc4_scu.o(i.XMC_SCU_TRAP_Trigger), (24 bytes).
    Removing xmc4_scu.o(i.XMC_SCU_WriteGPR), (12 bytes).
    Removing xmc4_scu.o(i.XMC_SCU_WriteToRetentionMemory), (48 bytes).
    Removing xmc4_scu.o(i.XMC_SCU_lDelay), (44 bytes).
    Removing xmc4_scu.o(.bss), (128 bytes).
    Removing xmc4_usic.o(.rev16_text), (4 bytes).
    Removing xmc4_usic.o(.revsh_text), (4 bytes).
    Removing xmc4_usic.o(.rrx_text), (6 bytes).
    Removing xmc4_usic.o(i.XMC_USIC_Disable), (64 bytes).
    Removing xmc_common.o(.rev16_text), (4 bytes).
    Removing xmc_common.o(.revsh_text), (4 bytes).
    Removing xmc_common.o(.rrx_text), (6 bytes).
    Removing xmc_common.o(i.XMC_LIST_Add), (28 bytes).
    Removing xmc_common.o(i.XMC_LIST_GetHead), (6 bytes).
    Removing xmc_common.o(i.XMC_LIST_GetTail), (24 bytes).
    Removing xmc_common.o(i.XMC_LIST_Init), (6 bytes).
    Removing xmc_common.o(i.XMC_LIST_Insert), (18 bytes).
    Removing xmc_common.o(i.XMC_LIST_Remove), (50 bytes).
    Removing xmc_common.o(i.XMC_PRIOARRAY_Add), (128 bytes).
    Removing xmc_common.o(i.XMC_PRIOARRAY_Init), (106 bytes).
    Removing xmc_common.o(i.XMC_PRIOARRAY_Remove), (52 bytes).
    Removing xmc_gpio.o(.rev16_text), (4 bytes).
    Removing xmc_gpio.o(.revsh_text), (4 bytes).
    Removing xmc_gpio.o(.rrx_text), (6 bytes).
    Removing xmc_gpio.o(i.XMC_GPIO_SetHardwareControl), (28 bytes).
    Removing xmc_gpio.o(i.XMC_GPIO_SetMode), (64 bytes).
    Removing xmc_uart.o(.rev16_text), (4 bytes).
    Removing xmc_uart.o(.revsh_text), (4 bytes).
    Removing xmc_uart.o(.rrx_text), (6 bytes).
    Removing xmc_uart.o(i.XMC_UART_CH_DisableEvent), (26 bytes).
    Removing xmc_uart.o(i.XMC_UART_CH_EnableEvent), (26 bytes).
    Removing xmc_uart.o(i.XMC_UART_CH_GetReceivedData), (26 bytes).
    Removing xmc_uart.o(i.XMC_UART_CH_SetBaudrate), (46 bytes).
    Removing xmc_uart.o(i.XMC_UART_CH_Stop), (42 bytes).
    Removing xmc_uart.o(i.XMC_UART_CH_Transmit), (44 bytes).
    Removing xmc_usic.o(.rev16_text), (4 bytes).
    Removing xmc_usic.o(.revsh_text), (4 bytes).
    Removing xmc_usic.o(.rrx_text), (6 bytes).
    Removing xmc_usic.o(i.XMC_USIC_CH_Disable), (14 bytes).
    Removing xmc_usic.o(i.XMC_USIC_CH_RXFIFO_SetInterruptNodePointer), (24 bytes).
    Removing xmc_usic.o(i.XMC_USIC_CH_RXFIFO_SetSizeTriggerLimit), (34 bytes).
    Removing xmc_usic.o(i.XMC_USIC_CH_SetInterruptNodePointer), (20 bytes).
    Removing xmc_usic.o(i.XMC_USIC_CH_TXFIFO_Configure), (44 bytes).
    Removing xmc_usic.o(i.XMC_USIC_CH_TXFIFO_SetInterruptNodePointer), (24 bytes).
    Removing xmc_usic.o(i.XMC_USIC_CH_TXFIFO_SetSizeTriggerLimit), (34 bytes).
    Removing system_xmc4500.o(.rev16_text), (4 bytes).
    Removing system_xmc4500.o(.revsh_text), (4 bytes).
    Removing system_xmc4500.o(.rrx_text), (6 bytes).

159 unused section(s) (total 4720 bytes) removed from the image.

==============================================================================

Image Symbol Table

    Local Symbols

    Symbol Name                              Value     Ov Type        Size  Object(Section)

    ../clib/angel/boardlib.s                 0x00000000   Number         0  boardinit2.o ABSOLUTE
    ../clib/angel/boardlib.s                 0x00000000   Number         0  boardshut.o ABSOLUTE
    ../clib/angel/boardlib.s                 0x00000000   Number         0  boardinit1.o ABSOLUTE
    ../clib/angel/boardlib.s                 0x00000000   Number         0  boardinit3.o ABSOLUTE
    ../clib/angel/handlers.s                 0x00000000   Number         0  __scatter_zi.o ABSOLUTE
    ../clib/angel/handlers.s                 0x00000000   Number         0  __scatter_copy.o ABSOLUTE
    ../clib/angel/kernel.s                   0x00000000   Number         0  rtexit.o ABSOLUTE
    ../clib/angel/kernel.s                   0x00000000   Number         0  rtexit2.o ABSOLUTE
    ../clib/angel/kernel.s                   0x00000000   Number         0  __rtentry.o ABSOLUTE
    ../clib/angel/kernel.s                   0x00000000   Number         0  __rtentry4.o ABSOLUTE
    ../clib/angel/kernel.s                   0x00000000   Number         0  __rtentry2.o ABSOLUTE
    ../clib/angel/rt.s                       0x00000000   Number         0  rt_raise.o ABSOLUTE
    ../clib/angel/scatter.s                  0x00000000   Number         0  __scatter.o ABSOLUTE
    ../clib/angel/startup.s                  0x00000000   Number         0  __main.o ABSOLUTE
    ../clib/angel/sys.s                      0x00000000   Number         0  indicate_semi.o ABSOLUTE
    ../clib/angel/sys.s                      0x00000000   Number         0  use_no_semi.o ABSOLUTE
    ../clib/angel/sys.s                      0x00000000   Number         0  sys_stackheap_outer.o ABSOLUTE
    ../clib/angel/sys.s                      0x00000000   Number         0  libspace.o ABSOLUTE
    ../clib/angel/sysapp.c                   0x00000000   Number         0  sys_wrch.o ABSOLUTE
    ../clib/angel/sysapp.c                   0x00000000   Number         0  sys_exit.o ABSOLUTE
    ../clib/angel/sysapp.c                   0x00000000   Number         0  sys_command.o ABSOLUTE
    ../clib/armsys.c                         0x00000000   Number         0  _get_argv_nomalloc.o ABSOLUTE
    ../clib/armsys.c                         0x00000000   Number         0  no_argv.o ABSOLUTE
    ../clib/armsys.c                         0x00000000   Number         0  argv_veneer.o ABSOLUTE
    ../clib/armsys.c                         0x00000000   Number         0  argv_veneer.o ABSOLUTE
    ../clib/heapalloc.c                      0x00000000   Number         0  hrguard.o ABSOLUTE
    ../clib/heapaux.c                        0x00000000   Number         0  heapauxi.o ABSOLUTE
    ../clib/libinit.s                        0x00000000   Number         0  libshutdown.o ABSOLUTE
    ../clib/libinit.s                        0x00000000   Number         0  libshutdown2.o ABSOLUTE
    ../clib/libinit.s                        0x00000000   Number         0  libinit2.o ABSOLUTE
    ../clib/libinit.s                        0x00000000   Number         0  libinit.o ABSOLUTE
    ../clib/memcpset.s                       0x00000000   Number         0  rt_memcpy_v6.o ABSOLUTE
    ../clib/memcpset.s                       0x00000000   Number         0  rt_memcpy_w.o ABSOLUTE
    ../clib/signal.c                         0x00000000   Number         0  defsig_exit.o ABSOLUTE
    ../clib/signal.c                         0x00000000   Number         0  defsig_rtmem_inner.o ABSOLUTE
    ../clib/signal.c                         0x00000000   Number         0  defsig_other.o ABSOLUTE
    ../clib/signal.c                         0x00000000   Number         0  defsig_segv_inner.o ABSOLUTE
    ../clib/signal.c                         0x00000000   Number         0  defsig_cppl_inner.o ABSOLUTE
    ../clib/signal.c                         0x00000000   Number         0  defsig_pvfn_inner.o ABSOLUTE
    ../clib/signal.c                         0x00000000   Number         0  defsig_stak_inner.o ABSOLUTE
    ../clib/signal.c                         0x00000000   Number         0  defsig_rtred_inner.o ABSOLUTE
    ../clib/signal.c                         0x00000000   Number         0  defsig_fpe_inner.o ABSOLUTE
    ../clib/signal.c                         0x00000000   Number         0  defsig_abrt_inner.o ABSOLUTE
    ../clib/signal.c                         0x00000000   Number         0  defsig_rtmem_formal.o ABSOLUTE
    ../clib/signal.c                         0x00000000   Number         0  defsig_general.o ABSOLUTE
    ../clib/signal.c                         0x00000000   Number         0  defsig_rtmem_outer.o ABSOLUTE
    ../clib/signal.c                         0x00000000   Number         0  __raise.o ABSOLUTE
    ../clib/signal.s                         0x00000000   Number         0  defsig.o ABSOLUTE
    ../clib/stdlib.c                         0x00000000   Number         0  exit.o ABSOLUTE
    ../fplib/fpinit.s                        0x00000000   Number         0  fpinit.o ABSOLUTE
    C:\Program Files\Keil_v5\ARM\PACK\Infineon\XMC4000_DFP\2.3.0\Device\XMClib\src\xmc4_gpio.c 0x00000000   Number         0  xmc4_gpio.o ABSOLUTE
    C:\Program Files\Keil_v5\ARM\PACK\Infineon\XMC4000_DFP\2.3.0\Device\XMClib\src\xmc4_scu.c 0x00000000   Number         0  xmc4_scu.o ABSOLUTE
    C:\Program Files\Keil_v5\ARM\PACK\Infineon\XMC4000_DFP\2.3.0\Device\XMClib\src\xmc4_usic.c 0x00000000   Number         0  xmc4_usic.o ABSOLUTE
    C:\Program Files\Keil_v5\ARM\PACK\Infineon\XMC4000_DFP\2.3.0\Device\XMClib\src\xmc_common.c 0x00000000   Number         0  xmc_common.o ABSOLUTE
    C:\Program Files\Keil_v5\ARM\PACK\Infineon\XMC4000_DFP\2.3.0\Device\XMClib\src\xmc_gpio.c 0x00000000   Number         0  xmc_gpio.o ABSOLUTE
    C:\Program Files\Keil_v5\ARM\PACK\Infineon\XMC4000_DFP\2.3.0\Device\XMClib\src\xmc_uart.c 0x00000000   Number         0  xmc_uart.o ABSOLUTE
    C:\Program Files\Keil_v5\ARM\PACK\Infineon\XMC4000_DFP\2.3.0\Device\XMClib\src\xmc_usic.c 0x00000000   Number         0  xmc_usic.o ABSOLUTE
    C:\\Program Files\\Keil_v5\\ARM\\PACK\\Infineon\\XMC4000_DFP\\2.3.0\\Device\\XMClib\\src\\xmc4_gpio.c 0x00000000   Number         0  xmc4_gpio.o ABSOLUTE
    C:\\Program Files\\Keil_v5\\ARM\\PACK\\Infineon\\XMC4000_DFP\\2.3.0\\Device\\XMClib\\src\\xmc4_scu.c 0x00000000   Number         0  xmc4_scu.o ABSOLUTE
    C:\\Program Files\\Keil_v5\\ARM\\PACK\\Infineon\\XMC4000_DFP\\2.3.0\\Device\\XMClib\\src\\xmc4_usic.c 0x00000000   Number         0  xmc4_usic.o ABSOLUTE
    C:\\Program Files\\Keil_v5\\ARM\\PACK\\Infineon\\XMC4000_DFP\\2.3.0\\Device\\XMClib\\src\\xmc_common.c 0x00000000   Number         0  xmc_common.o ABSOLUTE
    C:\\Program Files\\Keil_v5\\ARM\\PACK\\Infineon\\XMC4000_DFP\\2.3.0\\Device\\XMClib\\src\\xmc_gpio.c 0x00000000   Number         0  xmc_gpio.o ABSOLUTE
    C:\\Program Files\\Keil_v5\\ARM\\PACK\\Infineon\\XMC4000_DFP\\2.3.0\\Device\\XMClib\\src\\xmc_uart.c 0x00000000   Number         0  xmc_uart.o ABSOLUTE
    C:\\Program Files\\Keil_v5\\ARM\\PACK\\Infineon\\XMC4000_DFP\\2.3.0\\Device\\XMClib\\src\\xmc_usic.c 0x00000000   Number         0  xmc_usic.o ABSOLUTE
    L0_gpio_init.c                           0x00000000   Number         0  l0_gpio_init.o ABSOLUTE
    L0_gpio_init.c                           0x00000000   Number         0  l0_gpio_init.o ABSOLUTE
    L0_matrix_driver.c                       0x00000000   Number         0  l0_matrix_driver.o ABSOLUTE
    L0_matrix_driver.c                       0x00000000   Number         0  l0_matrix_driver.o ABSOLUTE
    L0_uart.c                                0x00000000   Number         0  l0_uart.o ABSOLUTE
    L0_uart.c                                0x00000000   Number         0  l0_uart.o ABSOLUTE
    L0_uart_init.c                           0x00000000   Number         0  l0_uart_init.o ABSOLUTE
    L0_uart_init.c                           0x00000000   Number         0  l0_uart_init.o ABSOLUTE
    L1_image_processing.c                    0x00000000   Number         0  l1_image_processing.o ABSOLUTE
    L1_image_processing.c                    0x00000000   Number         0  l1_image_processing.o ABSOLUTE
    RTE\Device\XMC4500-F100x1024\system_XMC4500.c 0x00000000   Number         0  system_xmc4500.o ABSOLUTE
    RTE\\Device\\XMC4500-F100x1024\\startup_XMC4500.s 0x00000000   Number         0  startup_xmc4500.o ABSOLUTE
    RTE\\Device\\XMC4500-F100x1024\\system_XMC4500.c 0x00000000   Number         0  system_xmc4500.o ABSOLUTE
    dc.s                                     0x00000000   Number         0  dc.o ABSOLUTE
    main.c                                   0x00000000   Number         0  main.o ABSOLUTE
    main.c                                   0x00000000   Number         0  main.o ABSOLUTE
    RESET                                    0x08000000   Section      512  startup_xmc4500.o(RESET)
    !!!main                                  0x08000200   Section        8  __main.o(!!!main)
    !!!scatter                               0x08000208   Section       52  __scatter.o(!!!scatter)
    !!handler_copy                           0x0800023c   Section       26  __scatter_copy.o(!!handler_copy)
    !!handler_zi                             0x08000258   Section       28  __scatter_zi.o(!!handler_zi)
    .ARM.Collect$$libinit$$00000000          0x08000274   Section        2  libinit.o(.ARM.Collect$$libinit$$00000000)
    .ARM.Collect$$libinit$$00000001          0x08000276   Section        4  libinit2.o(.ARM.Collect$$libinit$$00000001)
    .ARM.Collect$$libinit$$00000004          0x0800027a   Section        0  libinit2.o(.ARM.Collect$$libinit$$00000004)
    .ARM.Collect$$libinit$$0000000A          0x0800027a   Section        0  libinit2.o(.ARM.Collect$$libinit$$0000000A)
    .ARM.Collect$$libinit$$0000000C          0x0800027a   Section        0  libinit2.o(.ARM.Collect$$libinit$$0000000C)
    .ARM.Collect$$libinit$$0000000E          0x0800027a   Section        0  libinit2.o(.ARM.Collect$$libinit$$0000000E)
    .ARM.Collect$$libinit$$00000011          0x0800027a   Section        0  libinit2.o(.ARM.Collect$$libinit$$00000011)
    .ARM.Collect$$libinit$$00000013          0x0800027a   Section        0  libinit2.o(.ARM.Collect$$libinit$$00000013)
    .ARM.Collect$$libinit$$00000015          0x0800027a   Section        0  libinit2.o(.ARM.Collect$$libinit$$00000015)
    .ARM.Collect$$libinit$$00000017          0x0800027a   Section        0  libinit2.o(.ARM.Collect$$libinit$$00000017)
    .ARM.Collect$$libinit$$00000019          0x0800027a   Section        0  libinit2.o(.ARM.Collect$$libinit$$00000019)
    .ARM.Collect$$libinit$$0000001B          0x0800027a   Section        0  libinit2.o(.ARM.Collect$$libinit$$0000001B)
    .ARM.Collect$$libinit$$0000001D          0x0800027a   Section        0  libinit2.o(.ARM.Collect$$libinit$$0000001D)
    .ARM.Collect$$libinit$$0000001F          0x0800027a   Section        0  libinit2.o(.ARM.Collect$$libinit$$0000001F)
    .ARM.Collect$$libinit$$00000021          0x0800027a   Section        0  libinit2.o(.ARM.Collect$$libinit$$00000021)
    .ARM.Collect$$libinit$$00000023          0x0800027a   Section        0  libinit2.o(.ARM.Collect$$libinit$$00000023)
    .ARM.Collect$$libinit$$00000025          0x0800027a   Section        0  libinit2.o(.ARM.Collect$$libinit$$00000025)
    .ARM.Collect$$libinit$$0000002C          0x0800027a   Section        0  libinit2.o(.ARM.Collect$$libinit$$0000002C)
    .ARM.Collect$$libinit$$0000002E          0x0800027a   Section        0  libinit2.o(.ARM.Collect$$libinit$$0000002E)
    .ARM.Collect$$libinit$$00000030          0x0800027a   Section        0  libinit2.o(.ARM.Collect$$libinit$$00000030)
    .ARM.Collect$$libinit$$00000032          0x0800027a   Section        0  libinit2.o(.ARM.Collect$$libinit$$00000032)
    .ARM.Collect$$libinit$$00000033          0x0800027a   Section        2  libinit2.o(.ARM.Collect$$libinit$$00000033)
    .ARM.Collect$$libshutdown$$00000000      0x0800027c   Section        2  libshutdown.o(.ARM.Collect$$libshutdown$$00000000)
    .ARM.Collect$$libshutdown$$00000002      0x0800027e   Section        0  libshutdown2.o(.ARM.Collect$$libshutdown$$00000002)
    .ARM.Collect$$libshutdown$$00000004      0x0800027e   Section        0  libshutdown2.o(.ARM.Collect$$libshutdown$$00000004)
    .ARM.Collect$$libshutdown$$00000007      0x0800027e   Section        0  libshutdown2.o(.ARM.Collect$$libshutdown$$00000007)
    .ARM.Collect$$libshutdown$$0000000A      0x0800027e   Section        0  libshutdown2.o(.ARM.Collect$$libshutdown$$0000000A)
    .ARM.Collect$$libshutdown$$0000000C      0x0800027e   Section        0  libshutdown2.o(.ARM.Collect$$libshutdown$$0000000C)
    .ARM.Collect$$libshutdown$$0000000F      0x0800027e   Section        0  libshutdown2.o(.ARM.Collect$$libshutdown$$0000000F)
    .ARM.Collect$$libshutdown$$00000010      0x0800027e   Section        2  libshutdown2.o(.ARM.Collect$$libshutdown$$00000010)
    .ARM.Collect$$rtentry$$00000000          0x08000280   Section        0  __rtentry.o(.ARM.Collect$$rtentry$$00000000)
    .ARM.Collect$$rtentry$$00000002          0x08000280   Section        0  __rtentry2.o(.ARM.Collect$$rtentry$$00000002)
    .ARM.Collect$$rtentry$$00000004          0x08000280   Section        6  __rtentry4.o(.ARM.Collect$$rtentry$$00000004)
    .ARM.Collect$$rtentry$$00000009          0x08000286   Section        0  __rtentry2.o(.ARM.Collect$$rtentry$$00000009)
    .ARM.Collect$$rtentry$$0000000A          0x08000286   Section        4  __rtentry2.o(.ARM.Collect$$rtentry$$0000000A)
    .ARM.Collect$$rtentry$$0000000C          0x0800028a   Section        0  __rtentry2.o(.ARM.Collect$$rtentry$$0000000C)
    .ARM.Collect$$rtentry$$0000000D          0x0800028a   Section        8  __rtentry2.o(.ARM.Collect$$rtentry$$0000000D)
    .ARM.Collect$$rtexit$$00000000           0x08000292   Section        2  rtexit.o(.ARM.Collect$$rtexit$$00000000)
    .ARM.Collect$$rtexit$$00000002           0x08000294   Section        0  rtexit2.o(.ARM.Collect$$rtexit$$00000002)
    .ARM.Collect$$rtexit$$00000003           0x08000294   Section        4  rtexit2.o(.ARM.Collect$$rtexit$$00000003)
    .ARM.Collect$$rtexit$$00000004           0x08000298   Section        6  rtexit2.o(.ARM.Collect$$rtexit$$00000004)
    .text                                    0x080002a0   Section       56  startup_xmc4500.o(.text)
    $v0                                      0x080002a0   Number         0  startup_xmc4500.o(.text)
    .text                                    0x080002d8   Section      138  rt_memcpy_v6.o(.text)
    .text                                    0x08000362   Section        0  heapauxi.o(.text)
    .text                                    0x08000368   Section      100  rt_memcpy_w.o(.text)
    .text                                    0x080003cc   Section       74  sys_stackheap_outer.o(.text)
    .text                                    0x08000416   Section        0  exit.o(.text)
    .text                                    0x08000428   Section        8  libspace.o(.text)
    .text                                    0x08000430   Section        0  sys_exit.o(.text)
    .text                                    0x0800043c   Section        2  use_no_semi.o(.text)
    .text                                    0x0800043e   Section        0  indicate_semi.o(.text)
    i.DriveDisplay                           0x08000440   Section        0  l0_matrix_driver.o(i.DriveDisplay)
    i.OSCHP_GetFrequency                     0x08000588   Section        0  system_xmc4500.o(i.OSCHP_GetFrequency)
    i.RGBMatrixDriver                        0x08000590   Section        0  l0_matrix_driver.o(i.RGBMatrixDriver)
    i.SystemCoreClockSetup                   0x08000624   Section        0  system_xmc4500.o(i.SystemCoreClockSetup)
    i.SystemCoreClockUpdate                  0x08000838   Section        0  system_xmc4500.o(i.SystemCoreClockUpdate)
    i.SystemCoreSetup                        0x080008dc   Section        0  system_xmc4500.o(i.SystemCoreSetup)
    i.SystemInit                             0x08000934   Section        0  system_xmc4500.o(i.SystemInit)
    i.XMC_GPIO_Init                          0x08000950   Section        0  xmc4_gpio.o(i.XMC_GPIO_Init)
    i.XMC_SCU_CLOCK_GetPeripheralClockFrequency 0x08000a00   Section        0  xmc4_scu.o(i.XMC_SCU_CLOCK_GetPeripheralClockFrequency)
    i.XMC_SCU_RESET_DeassertPeripheralReset  0x08000a1c   Section        0  xmc4_scu.o(i.XMC_SCU_RESET_DeassertPeripheralReset)
    i.XMC_UART_CH_Init                       0x08000a3c   Section        0  xmc_uart.o(i.XMC_UART_CH_Init)
    i.XMC_USIC_CH_Enable                     0x08000aac   Section        0  xmc_usic.o(i.XMC_USIC_CH_Enable)
    i.XMC_USIC_CH_RXFIFO_Configure           0x08000b24   Section        0  xmc_usic.o(i.XMC_USIC_CH_RXFIFO_Configure)
    i.XMC_USIC_CH_RXFIFO_GetData             0x08000b54   Section        0  l0_uart.o(i.XMC_USIC_CH_RXFIFO_GetData)
    XMC_USIC_CH_RXFIFO_GetData               0x08000b55   Thumb Code    10  l0_uart.o(i.XMC_USIC_CH_RXFIFO_GetData)
    i.XMC_USIC_CH_RXFIFO_GetLevel            0x08000b5e   Section        0  l0_uart.o(i.XMC_USIC_CH_RXFIFO_GetLevel)
    XMC_USIC_CH_RXFIFO_GetLevel              0x08000b5f   Thumb Code    12  l0_uart.o(i.XMC_USIC_CH_RXFIFO_GetLevel)
    i.XMC_USIC_CH_RXFIFO_IsEmpty             0x08000b6a   Section        0  l0_uart.o(i.XMC_USIC_CH_RXFIFO_IsEmpty)
    XMC_USIC_CH_RXFIFO_IsEmpty               0x08000b6b   Thumb Code    12  l0_uart.o(i.XMC_USIC_CH_RXFIFO_IsEmpty)
    i.XMC_USIC_CH_SetBaudrate                0x08000b78   Section        0  xmc_usic.o(i.XMC_USIC_CH_SetBaudrate)
    i.XMC_USIC_Enable                        0x08000c10   Section        0  xmc4_usic.o(i.XMC_USIC_Enable)
    i.delay                                  0x08000c50   Section        0  system_xmc4500.o(i.delay)
    delay                                    0x08000c51   Thumb Code    24  system_xmc4500.o(i.delay)
    i.framebuffer_update_1px                 0x08000c68   Section        0  l1_image_processing.o(i.framebuffer_update_1px)
    i.gamma_cor                              0x08000f0c   Section        0  l1_image_processing.o(i.gamma_cor)
    i.getPixelsFromUART                      0x08000f58   Section        0  l0_uart.o(i.getPixelsFromUART)
    i.gpio_init                              0x0800119c   Section        0  l0_gpio_init.o(i.gpio_init)
    i.initEmptyPanel                         0x08001280   Section        0  l1_image_processing.o(i.initEmptyPanel)
    i.main                                   0x080012b0   Section        0  main.o(i.main)
    i.uart_init                              0x080012c8   Section        0  l0_uart_init.o(i.uart_init)
    x$fpl$fpinit                             0x0800136c   Section       10  fpinit.o(x$fpl$fpinit)
    $v0                                      0x0800136c   Number         0  fpinit.o(x$fpl$fpinit)
    .constdata                               0x08001378   Section       24  l0_gpio_init.o(.constdata)
    .constdata                               0x08001390   Section      256  l1_image_processing.o(.constdata)
    .constdata                               0x08001490   Section       24  l0_uart_init.o(.constdata)
    .constdata                               0x080014a8   Section       48  xmc4_scu.o(.constdata)
    set_peripheral_reset                     0x080014a8   Data          16  xmc4_scu.o(.constdata)
    clear_peripheral_reset                   0x080014b8   Data          16  xmc4_scu.o(.constdata)
    clear_peripheral_reset                   0x080014c8   Data          16  xmc4_scu.o(.constdata)
    .data                                    0x20000000   Section        2  l0_matrix_driver.o(.data)
    addr                                     0x20000000   Data           2  l0_matrix_driver.o(.data)
    .data                                    0x20000004   Section        8  l1_image_processing.o(.data)
    width                                    0x20000004   Data           4  l1_image_processing.o(.data)
    height                                   0x20000008   Data           4  l1_image_processing.o(.data)
    .data                                    0x2000000c   Section        6  l0_uart.o(.data)
    .bss                                     0x20000014   Section    16384  l1_image_processing.o(.bss)
    .bss                                     0x20004014   Section     3072  l0_uart.o(.bss)
    .bss                                     0x20004c14   Section       96  libspace.o(.bss)
    HEAP                                     0x20004c78   Section      512  startup_xmc4500.o(HEAP)
    Heap_Mem                                 0x20004c78   Data         512  startup_xmc4500.o(HEAP)
    STACK                                    0x20004e78   Section     2048  startup_xmc4500.o(STACK)
    Stack_Mem                                0x20004e78   Data        2048  startup_xmc4500.o(STACK)
    __initial_sp                             0x20005678   Data           0  startup_xmc4500.o(STACK)
    .ARM.__AT_0x2000FFC0                     0x2000ffc0   Section        4  system_xmc4500.o(.ARM.__AT_0x2000FFC0)
    .ARM.__AT_0x2000FFC4                     0x2000ffc4   Section       16  system_xmc4500.o(.ARM.__AT_0x2000FFC4)

    Global Symbols

    Symbol Name                              Value     Ov Type        Size  Object(Section)

    BuildAttributes$$THM_ISAv4$E$P$D$K$B$S$7EM$VFPi3$EXTD16$VFPS$VFMA$PE$A:L22UL41UL21$X:L11$S22US41US21$IEEE1$IW$USESV6$~STKCKD$USESV7$~SHL$OSPACE$ROPI$EBA8$UX$STANDARDLIB$REQ8$PRES8$EABIv2 0x00000000   Number         0  anon$$obj.o ABSOLUTE
    __ARM_use_no_argv                        0x00000000   Number         0  main.o ABSOLUTE
    __ARM_exceptions_init                     - Undefined Weak Reference
    __alloca_initialize                       - Undefined Weak Reference
    __arm_preinit_                            - Undefined Weak Reference
    __cpp_initialize__aeabi_                  - Undefined Weak Reference
    __cxa_finalize                            - Undefined Weak Reference
    __rt_locale                               - Undefined Weak Reference
    __sigvec_lookup                           - Undefined Weak Reference
    _atexit_init                              - Undefined Weak Reference
    _call_atexit_fns                          - Undefined Weak Reference
    _clock_init                               - Undefined Weak Reference
    _fp_trap_init                             - Undefined Weak Reference
    _fp_trap_shutdown                         - Undefined Weak Reference
    _get_lc_collate                           - Undefined Weak Reference
    _get_lc_ctype                             - Undefined Weak Reference
    _get_lc_monetary                          - Undefined Weak Reference
    _get_lc_numeric                           - Undefined Weak Reference
    _get_lc_time                              - Undefined Weak Reference
    _getenv_init                              - Undefined Weak Reference
    _handle_redirection                       - Undefined Weak Reference
    _init_alloc                               - Undefined Weak Reference
    _init_user_alloc                          - Undefined Weak Reference
    _initio                                   - Undefined Weak Reference
    _rand_init                                - Undefined Weak Reference
    _signal_finish                            - Undefined Weak Reference
    _signal_init                              - Undefined Weak Reference
    _terminate_alloc                          - Undefined Weak Reference
    _terminate_user_alloc                     - Undefined Weak Reference
    _terminateio                              - Undefined Weak Reference
    __Vectors_Size                           0x00000200   Number         0  startup_xmc4500.o ABSOLUTE
    __Vectors                                0x08000000   Data           4  startup_xmc4500.o(RESET)
    __Vectors_End                            0x08000200   Data           0  startup_xmc4500.o(RESET)
    __main                                   0x08000201   Thumb Code     8  __main.o(!!!main)
    __scatterload                            0x08000209   Thumb Code     0  __scatter.o(!!!scatter)
    __scatterload_rt2                        0x08000209   Thumb Code    44  __scatter.o(!!!scatter)
    __scatterload_rt2_thumb_only             0x08000209   Thumb Code     0  __scatter.o(!!!scatter)
    __scatterload_null                       0x08000217   Thumb Code     0  __scatter.o(!!!scatter)
    __scatterload_copy                       0x0800023d   Thumb Code    26  __scatter_copy.o(!!handler_copy)
    __scatterload_zeroinit                   0x08000259   Thumb Code    28  __scatter_zi.o(!!handler_zi)
    __rt_lib_init                            0x08000275   Thumb Code     0  libinit.o(.ARM.Collect$$libinit$$00000000)
    __rt_lib_init_fp_1                       0x08000277   Thumb Code     0  libinit2.o(.ARM.Collect$$libinit$$00000001)
    __rt_lib_init_alloca_1                   0x0800027b   Thumb Code     0  libinit2.o(.ARM.Collect$$libinit$$0000002E)
    __rt_lib_init_argv_1                     0x0800027b   Thumb Code     0  libinit2.o(.ARM.Collect$$libinit$$0000002C)
    __rt_lib_init_atexit_1                   0x0800027b   Thumb Code     0  libinit2.o(.ARM.Collect$$libinit$$0000001B)
    __rt_lib_init_clock_1                    0x0800027b   Thumb Code     0  libinit2.o(.ARM.Collect$$libinit$$00000021)
    __rt_lib_init_cpp_1                      0x0800027b   Thumb Code     0  libinit2.o(.ARM.Collect$$libinit$$00000032)
    __rt_lib_init_exceptions_1               0x0800027b   Thumb Code     0  libinit2.o(.ARM.Collect$$libinit$$00000030)
    __rt_lib_init_fp_trap_1                  0x0800027b   Thumb Code     0  libinit2.o(.ARM.Collect$$libinit$$0000001F)
    __rt_lib_init_getenv_1                   0x0800027b   Thumb Code     0  libinit2.o(.ARM.Collect$$libinit$$00000023)
    __rt_lib_init_heap_1                     0x0800027b   Thumb Code     0  libinit2.o(.ARM.Collect$$libinit$$0000000A)
    __rt_lib_init_lc_collate_1               0x0800027b   Thumb Code     0  libinit2.o(.ARM.Collect$$libinit$$00000011)
    __rt_lib_init_lc_ctype_1                 0x0800027b   Thumb Code     0  libinit2.o(.ARM.Collect$$libinit$$00000013)
    __rt_lib_init_lc_monetary_1              0x0800027b   Thumb Code     0  libinit2.o(.ARM.Collect$$libinit$$00000015)
    __rt_lib_init_lc_numeric_1               0x0800027b   Thumb Code     0  libinit2.o(.ARM.Collect$$libinit$$00000017)
    __rt_lib_init_lc_time_1                  0x0800027b   Thumb Code     0  libinit2.o(.ARM.Collect$$libinit$$00000019)
    __rt_lib_init_preinit_1                  0x0800027b   Thumb Code     0  libinit2.o(.ARM.Collect$$libinit$$00000004)
    __rt_lib_init_rand_1                     0x0800027b   Thumb Code     0  libinit2.o(.ARM.Collect$$libinit$$0000000E)
    __rt_lib_init_return                     0x0800027b   Thumb Code     0  libinit2.o(.ARM.Collect$$libinit$$00000033)
    __rt_lib_init_signal_1                   0x0800027b   Thumb Code     0  libinit2.o(.ARM.Collect$$libinit$$0000001D)
    __rt_lib_init_stdio_1                    0x0800027b   Thumb Code     0  libinit2.o(.ARM.Collect$$libinit$$00000025)
    __rt_lib_init_user_alloc_1               0x0800027b   Thumb Code     0  libinit2.o(.ARM.Collect$$libinit$$0000000C)
    __rt_lib_shutdown                        0x0800027d   Thumb Code     0  libshutdown.o(.ARM.Collect$$libshutdown$$00000000)
    __rt_lib_shutdown_cpp_1                  0x0800027f   Thumb Code     0  libshutdown2.o(.ARM.Collect$$libshutdown$$00000002)
    __rt_lib_shutdown_fp_trap_1              0x0800027f   Thumb Code     0  libshutdown2.o(.ARM.Collect$$libshutdown$$00000007)
    __rt_lib_shutdown_heap_1                 0x0800027f   Thumb Code     0  libshutdown2.o(.ARM.Collect$$libshutdown$$0000000F)
    __rt_lib_shutdown_return                 0x0800027f   Thumb Code     0  libshutdown2.o(.ARM.Collect$$libshutdown$$00000010)
    __rt_lib_shutdown_signal_1               0x0800027f   Thumb Code     0  libshutdown2.o(.ARM.Collect$$libshutdown$$0000000A)
    __rt_lib_shutdown_stdio_1                0x0800027f   Thumb Code     0  libshutdown2.o(.ARM.Collect$$libshutdown$$00000004)
    __rt_lib_shutdown_user_alloc_1           0x0800027f   Thumb Code     0  libshutdown2.o(.ARM.Collect$$libshutdown$$0000000C)
    __rt_entry                               0x08000281   Thumb Code     0  __rtentry.o(.ARM.Collect$$rtentry$$00000000)
    __rt_entry_presh_1                       0x08000281   Thumb Code     0  __rtentry2.o(.ARM.Collect$$rtentry$$00000002)
    __rt_entry_sh                            0x08000281   Thumb Code     0  __rtentry4.o(.ARM.Collect$$rtentry$$00000004)
    __rt_entry_li                            0x08000287   Thumb Code     0  __rtentry2.o(.ARM.Collect$$rtentry$$0000000A)
    __rt_entry_postsh_1                      0x08000287   Thumb Code     0  __rtentry2.o(.ARM.Collect$$rtentry$$00000009)
    __rt_entry_main                          0x0800028b   Thumb Code     0  __rtentry2.o(.ARM.Collect$$rtentry$$0000000D)
    __rt_entry_postli_1                      0x0800028b   Thumb Code     0  __rtentry2.o(.ARM.Collect$$rtentry$$0000000C)
    __rt_exit                                0x08000293   Thumb Code     0  rtexit.o(.ARM.Collect$$rtexit$$00000000)
    __rt_exit_ls                             0x08000295   Thumb Code     0  rtexit2.o(.ARM.Collect$$rtexit$$00000003)
    __rt_exit_prels_1                        0x08000295   Thumb Code     0  rtexit2.o(.ARM.Collect$$rtexit$$00000002)
    __rt_exit_exit                           0x08000299   Thumb Code     0  rtexit2.o(.ARM.Collect$$rtexit$$00000004)
    Reset_Handler                            0x080002a1   Thumb Code    12  startup_xmc4500.o(.text)
    BusFault_Handler                         0x080002ad   Thumb Code     0  startup_xmc4500.o(.text)
    CAN0_0_IRQHandler                        0x080002ad   Thumb Code     0  startup_xmc4500.o(.text)
    CAN0_1_IRQHandler                        0x080002ad   Thumb Code     0  startup_xmc4500.o(.text)
    CAN0_2_IRQHandler                        0x080002ad   Thumb Code     0  startup_xmc4500.o(.text)
    CAN0_3_IRQHandler                        0x080002ad   Thumb Code     0  startup_xmc4500.o(.text)
    CAN0_4_IRQHandler                        0x080002ad   Thumb Code     0  startup_xmc4500.o(.text)
    CAN0_5_IRQHandler                        0x080002ad   Thumb Code     0  startup_xmc4500.o(.text)
    CAN0_6_IRQHandler                        0x080002ad   Thumb Code     0  startup_xmc4500.o(.text)
    CAN0_7_IRQHandler                        0x080002ad   Thumb Code     0  startup_xmc4500.o(.text)
    CCU40_0_IRQHandler                       0x080002ad   Thumb Code     0  startup_xmc4500.o(.text)
    CCU40_1_IRQHandler                       0x080002ad   Thumb Code     0  startup_xmc4500.o(.text)
    CCU40_2_IRQHandler                       0x080002ad   Thumb Code     0  startup_xmc4500.o(.text)
    CCU40_3_IRQHandler                       0x080002ad   Thumb Code     0  startup_xmc4500.o(.text)
    CCU41_0_IRQHandler                       0x080002ad   Thumb Code     0  startup_xmc4500.o(.text)
    CCU41_1_IRQHandler                       0x080002ad   Thumb Code     0  startup_xmc4500.o(.text)
    CCU41_2_IRQHandler                       0x080002ad   Thumb Code     0  startup_xmc4500.o(.text)
    CCU41_3_IRQHandler                       0x080002ad   Thumb Code     0  startup_xmc4500.o(.text)
    CCU42_0_IRQHandler                       0x080002ad   Thumb Code     0  startup_xmc4500.o(.text)
    CCU42_1_IRQHandler                       0x080002ad   Thumb Code     0  startup_xmc4500.o(.text)
    CCU42_2_IRQHandler                       0x080002ad   Thumb Code     0  startup_xmc4500.o(.text)
    CCU42_3_IRQHandler                       0x080002ad   Thumb Code     0  startup_xmc4500.o(.text)
    CCU43_0_IRQHandler                       0x080002ad   Thumb Code     0  startup_xmc4500.o(.text)
    CCU43_1_IRQHandler                       0x080002ad   Thumb Code     0  startup_xmc4500.o(.text)
    CCU43_2_IRQHandler                       0x080002ad   Thumb Code     0  startup_xmc4500.o(.text)
    CCU43_3_IRQHandler                       0x080002ad   Thumb Code     0  startup_xmc4500.o(.text)
    CCU80_0_IRQHandler                       0x080002ad   Thumb Code     0  startup_xmc4500.o(.text)
    CCU80_1_IRQHandler                       0x080002ad   Thumb Code     0  startup_xmc4500.o(.text)
    CCU80_2_IRQHandler                       0x080002ad   Thumb Code     0  startup_xmc4500.o(.text)
    CCU80_3_IRQHandler                       0x080002ad   Thumb Code     0  startup_xmc4500.o(.text)
    CCU81_0_IRQHandler                       0x080002ad   Thumb Code     0  startup_xmc4500.o(.text)
    CCU81_1_IRQHandler                       0x080002ad   Thumb Code     0  startup_xmc4500.o(.text)
    CCU81_2_IRQHandler                       0x080002ad   Thumb Code     0  startup_xmc4500.o(.text)
    CCU81_3_IRQHandler                       0x080002ad   Thumb Code     0  startup_xmc4500.o(.text)
    DAC0_0_IRQHandler                        0x080002ad   Thumb Code     0  startup_xmc4500.o(.text)
    DAC0_1_IRQHandler                        0x080002ad   Thumb Code     0  startup_xmc4500.o(.text)
    DSD0_0_IRQHandler                        0x080002ad   Thumb Code     0  startup_xmc4500.o(.text)
    DSD0_1_IRQHandler                        0x080002ad   Thumb Code     0  startup_xmc4500.o(.text)
    DSD0_2_IRQHandler                        0x080002ad   Thumb Code     0  startup_xmc4500.o(.text)
    DSD0_3_IRQHandler                        0x080002ad   Thumb Code     0  startup_xmc4500.o(.text)
    DSD0_4_IRQHandler                        0x080002ad   Thumb Code     0  startup_xmc4500.o(.text)
    DSD0_5_IRQHandler                        0x080002ad   Thumb Code     0  startup_xmc4500.o(.text)
    DSD0_6_IRQHandler                        0x080002ad   Thumb Code     0  startup_xmc4500.o(.text)
    DSD0_7_IRQHandler                        0x080002ad   Thumb Code     0  startup_xmc4500.o(.text)
    DebugMon_Handler                         0x080002ad   Thumb Code     0  startup_xmc4500.o(.text)
    ERU0_0_IRQHandler                        0x080002ad   Thumb Code     0  startup_xmc4500.o(.text)
    ERU0_1_IRQHandler                        0x080002ad   Thumb Code     0  startup_xmc4500.o(.text)
    ERU0_2_IRQHandler                        0x080002ad   Thumb Code     0  startup_xmc4500.o(.text)
    ERU0_3_IRQHandler                        0x080002ad   Thumb Code     0  startup_xmc4500.o(.text)
    ERU1_0_IRQHandler                        0x080002ad   Thumb Code     0  startup_xmc4500.o(.text)
    ERU1_1_IRQHandler                        0x080002ad   Thumb Code     0  startup_xmc4500.o(.text)
    ERU1_2_IRQHandler                        0x080002ad   Thumb Code     0  startup_xmc4500.o(.text)
    ERU1_3_IRQHandler                        0x080002ad   Thumb Code     0  startup_xmc4500.o(.text)
    ETH0_0_IRQHandler                        0x080002ad   Thumb Code     0  startup_xmc4500.o(.text)
    FCE0_0_IRQHandler                        0x080002ad   Thumb Code     0  startup_xmc4500.o(.text)
    GPDMA0_0_IRQHandler                      0x080002ad   Thumb Code     0  startup_xmc4500.o(.text)
    GPDMA1_0_IRQHandler                      0x080002ad   Thumb Code     0  startup_xmc4500.o(.text)
    HardFault_Handler                        0x080002ad   Thumb Code     0  startup_xmc4500.o(.text)
    LEDTS0_0_IRQHandler                      0x080002ad   Thumb Code     0  startup_xmc4500.o(.text)
    MemManage_Handler                        0x080002ad   Thumb Code     0  startup_xmc4500.o(.text)
    NMI_Handler                              0x080002ad   Thumb Code     0  startup_xmc4500.o(.text)
    PMU0_0_IRQHandler                        0x080002ad   Thumb Code     0  startup_xmc4500.o(.text)
    POSIF0_0_IRQHandler                      0x080002ad   Thumb Code     0  startup_xmc4500.o(.text)
    POSIF0_1_IRQHandler                      0x080002ad   Thumb Code     0  startup_xmc4500.o(.text)
    POSIF1_0_IRQHandler                      0x080002ad   Thumb Code     0  startup_xmc4500.o(.text)
    POSIF1_1_IRQHandler                      0x080002ad   Thumb Code     0  startup_xmc4500.o(.text)
    PendSV_Handler                           0x080002ad   Thumb Code     0  startup_xmc4500.o(.text)
    SCU_0_IRQHandler                         0x080002ad   Thumb Code     0  startup_xmc4500.o(.text)
    SDMMC0_0_IRQHandler                      0x080002ad   Thumb Code     0  startup_xmc4500.o(.text)
    SVC_Handler                              0x080002ad   Thumb Code     0  startup_xmc4500.o(.text)
    SysTick_Handler                          0x080002ad   Thumb Code     0  startup_xmc4500.o(.text)
    USB0_0_IRQHandler                        0x080002ad   Thumb Code     0  startup_xmc4500.o(.text)
    USIC0_0_IRQHandler                       0x080002ad   Thumb Code     0  startup_xmc4500.o(.text)
    USIC0_1_IRQHandler                       0x080002ad   Thumb Code     0  startup_xmc4500.o(.text)
    USIC0_2_IRQHandler                       0x080002ad   Thumb Code     0  startup_xmc4500.o(.text)
    USIC0_3_IRQHandler                       0x080002ad   Thumb Code     0  startup_xmc4500.o(.text)
    USIC0_4_IRQHandler                       0x080002ad   Thumb Code     0  startup_xmc4500.o(.text)
    USIC0_5_IRQHandler                       0x080002ad   Thumb Code     0  startup_xmc4500.o(.text)
    USIC1_0_IRQHandler                       0x080002ad   Thumb Code     0  startup_xmc4500.o(.text)
    USIC1_1_IRQHandler                       0x080002ad   Thumb Code     0  startup_xmc4500.o(.text)
    USIC1_2_IRQHandler                       0x080002ad   Thumb Code     0  startup_xmc4500.o(.text)
    USIC1_3_IRQHandler                       0x080002ad   Thumb Code     0  startup_xmc4500.o(.text)
    USIC1_4_IRQHandler                       0x080002ad   Thumb Code     0  startup_xmc4500.o(.text)
    USIC1_5_IRQHandler                       0x080002ad   Thumb Code     0  startup_xmc4500.o(.text)
    USIC2_0_IRQHandler                       0x080002ad   Thumb Code     0  startup_xmc4500.o(.text)
    USIC2_1_IRQHandler                       0x080002ad   Thumb Code     0  startup_xmc4500.o(.text)
    USIC2_2_IRQHandler                       0x080002ad   Thumb Code     0  startup_xmc4500.o(.text)
    USIC2_3_IRQHandler                       0x080002ad   Thumb Code     0  startup_xmc4500.o(.text)
    USIC2_4_IRQHandler                       0x080002ad   Thumb Code     0  startup_xmc4500.o(.text)
    USIC2_5_IRQHandler                       0x080002ad   Thumb Code     0  startup_xmc4500.o(.text)
    UsageFault_Handler                       0x080002ad   Thumb Code     0  startup_xmc4500.o(.text)
    VADC0_C0_0_IRQHandler                    0x080002ad   Thumb Code     0  startup_xmc4500.o(.text)
    VADC0_C0_1_IRQHandler                    0x080002ad   Thumb Code     0  startup_xmc4500.o(.text)
    VADC0_C0_2_IRQHandler                    0x080002ad   Thumb Code     0  startup_xmc4500.o(.text)
    VADC0_C0_3_IRQHandler                    0x080002ad   Thumb Code     0  startup_xmc4500.o(.text)
    VADC0_G0_0_IRQHandler                    0x080002ad   Thumb Code     0  startup_xmc4500.o(.text)
    VADC0_G0_1_IRQHandler                    0x080002ad   Thumb Code     0  startup_xmc4500.o(.text)
    VADC0_G0_2_IRQHandler                    0x080002ad   Thumb Code     0  startup_xmc4500.o(.text)
    VADC0_G0_3_IRQHandler                    0x080002ad   Thumb Code     0  startup_xmc4500.o(.text)
    VADC0_G1_0_IRQHandler                    0x080002ad   Thumb Code     0  startup_xmc4500.o(.text)
    VADC0_G1_1_IRQHandler                    0x080002ad   Thumb Code     0  startup_xmc4500.o(.text)
    VADC0_G1_2_IRQHandler                    0x080002ad   Thumb Code     0  startup_xmc4500.o(.text)
    VADC0_G1_3_IRQHandler                    0x080002ad   Thumb Code     0  startup_xmc4500.o(.text)
    VADC0_G2_0_IRQHandler                    0x080002ad   Thumb Code     0  startup_xmc4500.o(.text)
    VADC0_G2_1_IRQHandler                    0x080002ad   Thumb Code     0  startup_xmc4500.o(.text)
    VADC0_G2_2_IRQHandler                    0x080002ad   Thumb Code     0  startup_xmc4500.o(.text)
    VADC0_G2_3_IRQHandler                    0x080002ad   Thumb Code     0  startup_xmc4500.o(.text)
    VADC0_G3_0_IRQHandler                    0x080002ad   Thumb Code     0  startup_xmc4500.o(.text)
    VADC0_G3_1_IRQHandler                    0x080002ad   Thumb Code     0  startup_xmc4500.o(.text)
    VADC0_G3_2_IRQHandler                    0x080002ad   Thumb Code     0  startup_xmc4500.o(.text)
    VADC0_G3_3_IRQHandler                    0x080002ad   Thumb Code     0  startup_xmc4500.o(.text)
    __user_initial_stackheap                 0x080002b1   Thumb Code     0  startup_xmc4500.o(.text)
    __aeabi_memcpy                           0x080002d9   Thumb Code     0  rt_memcpy_v6.o(.text)
    __rt_memcpy                              0x080002d9   Thumb Code   138  rt_memcpy_v6.o(.text)
    _memcpy_lastbytes                        0x0800033f   Thumb Code     0  rt_memcpy_v6.o(.text)
    __use_two_region_memory                  0x08000363   Thumb Code     2  heapauxi.o(.text)
    __rt_heap_escrow$2region                 0x08000365   Thumb Code     2  heapauxi.o(.text)
    __rt_heap_expand$2region                 0x08000367   Thumb Code     2  heapauxi.o(.text)
    __aeabi_memcpy4                          0x08000369   Thumb Code     0  rt_memcpy_w.o(.text)
    __aeabi_memcpy8                          0x08000369   Thumb Code     0  rt_memcpy_w.o(.text)
    __rt_memcpy_w                            0x08000369   Thumb Code   100  rt_memcpy_w.o(.text)
    _memcpy_lastbytes_aligned                0x080003b1   Thumb Code     0  rt_memcpy_w.o(.text)
    __user_setup_stackheap                   0x080003cd   Thumb Code    74  sys_stackheap_outer.o(.text)
    exit                                     0x08000417   Thumb Code    18  exit.o(.text)
    __user_libspace                          0x08000429   Thumb Code     8  libspace.o(.text)
    __user_perproc_libspace                  0x08000429   Thumb Code     0  libspace.o(.text)
    __user_perthread_libspace                0x08000429   Thumb Code     0  libspace.o(.text)
    _sys_exit                                0x08000431   Thumb Code     8  sys_exit.o(.text)
    __I$use$semihosting                      0x0800043d   Thumb Code     0  use_no_semi.o(.text)
    __use_no_semihosting_swi                 0x0800043d   Thumb Code     2  use_no_semi.o(.text)
    __semihosting_library_function           0x0800043f   Thumb Code     0  indicate_semi.o(.text)
    DriveDisplay                             0x08000441   Thumb Code   324  l0_matrix_driver.o(i.DriveDisplay)
    OSCHP_GetFrequency                       0x08000589   Thumb Code     4  system_xmc4500.o(i.OSCHP_GetFrequency)
    RGBMatrixDriver                          0x08000591   Thumb Code   132  l0_matrix_driver.o(i.RGBMatrixDriver)
    SystemCoreClockSetup                     0x08000625   Thumb Code   488  system_xmc4500.o(i.SystemCoreClockSetup)
    SystemCoreClockUpdate                    0x08000839   Thumb Code   148  system_xmc4500.o(i.SystemCoreClockUpdate)
    SystemCoreSetup                          0x080008dd   Thumb Code    74  system_xmc4500.o(i.SystemCoreSetup)
    SystemInit                               0x08000935   Thumb Code    22  system_xmc4500.o(i.SystemInit)
    XMC_GPIO_Init                            0x08000951   Thumb Code   166  xmc4_gpio.o(i.XMC_GPIO_Init)
    XMC_SCU_CLOCK_GetPeripheralClockFrequency 0x08000a01   Thumb Code    18  xmc4_scu.o(i.XMC_SCU_CLOCK_GetPeripheralClockFrequency)
    XMC_SCU_RESET_DeassertPeripheralReset    0x08000a1d   Thumb Code    28  xmc4_scu.o(i.XMC_SCU_RESET_DeassertPeripheralReset)
    XMC_UART_CH_Init                         0x08000a3d   Thumb Code   112  xmc_uart.o(i.XMC_UART_CH_Init)
    XMC_USIC_CH_Enable                       0x08000aad   Thumb Code    94  xmc_usic.o(i.XMC_USIC_CH_Enable)
    XMC_USIC_CH_RXFIFO_Configure             0x08000b25   Thumb Code    42  xmc_usic.o(i.XMC_USIC_CH_RXFIFO_Configure)
    XMC_USIC_CH_SetBaudrate                  0x08000b79   Thumb Code   146  xmc_usic.o(i.XMC_USIC_CH_SetBaudrate)
    XMC_USIC_Enable                          0x08000c11   Thumb Code    48  xmc4_usic.o(i.XMC_USIC_Enable)
    framebuffer_update_1px                   0x08000c69   Thumb Code   662  l1_image_processing.o(i.framebuffer_update_1px)
    gamma_cor                                0x08000f0d   Thumb Code    70  l1_image_processing.o(i.gamma_cor)
    getPixelsFromUART                        0x08000f59   Thumb Code   562  l0_uart.o(i.getPixelsFromUART)
    gpio_init                                0x0800119d   Thumb Code   216  l0_gpio_init.o(i.gpio_init)
    initEmptyPanel                           0x08001281   Thumb Code    38  l1_image_processing.o(i.initEmptyPanel)
    main                                     0x080012b1   Thumb Code    24  main.o(i.main)
    uart_init                                0x080012c9   Thumb Code   146  l0_uart_init.o(i.uart_init)
    _fp_init                                 0x0800136d   Thumb Code    10  fpinit.o(x$fpl$fpinit)
    __fplib_config_fpu_vfp                   0x08001375   Thumb Code     0  fpinit.o(x$fpl$fpinit)
    __fplib_config_pureend_doubles           0x08001375   Thumb Code     0  fpinit.o(x$fpl$fpinit)
    gamma_map                                0x08001390   Data         256  l1_image_processing.o(.constdata)
    Region$$Table$$Base                      0x080014d8   Number         0  anon$$obj.o(Region$$Table)
    Region$$Table$$Limit                     0x080014f8   Number         0  anon$$obj.o(Region$$Table)
    pixel                                    0x2000000c   Data           6  l0_uart.o(.data)
    framebuff                                0x20000014   Data       16384  l1_image_processing.o(.bss)
    pixelbuffer                              0x20004014   Data        3072  l0_uart.o(.bss)
    __libspace_start                         0x20004c14   Data          96  libspace.o(.bss)
    __temporary_stack_top$libspace           0x20004c74   Data           0  libspace.o(.bss)
    SystemCoreClock                          0x2000ffc0   Data           4  system_xmc4500.o(.ARM.__AT_0x2000FFC0)
    g_chipid                                 0x2000ffc4   Data          16  system_xmc4500.o(.ARM.__AT_0x2000FFC4)



==============================================================================

Memory Map of the image

  Image Entry point : 0x080002a1

  Load Region LR_1 (Base: 0x08000000, Size: 0x0000150c, Max: 0xffffffff, ABSOLUTE)

    Execution Region ER_RO (Base: 0x08000000, Size: 0x000014f8, Max: 0xffffffff, ABSOLUTE)

    Base Addr    Size         Type   Attr      Idx    E Section Name        Object

    0x08000000   0x00000200   Data   RO         1194    RESET               startup_xmc4500.o
    0x08000200   0x00000008   Code   RO         1266  * !!!main             c_w.l(__main.o)
    0x08000208   0x00000034   Code   RO         1425    !!!scatter          c_w.l(__scatter.o)
    0x0800023c   0x0000001a   Code   RO         1427    !!handler_copy      c_w.l(__scatter_copy.o)
    0x08000256   0x00000002   PAD
    0x08000258   0x0000001c   Code   RO         1429    !!handler_zi        c_w.l(__scatter_zi.o)
    0x08000274   0x00000002   Code   RO         1295    .ARM.Collect$$libinit$$00000000  c_w.l(libinit.o)
    0x08000276   0x00000004   Code   RO         1301    .ARM.Collect$$libinit$$00000001  c_w.l(libinit2.o)
    0x0800027a   0x00000000   Code   RO         1304    .ARM.Collect$$libinit$$00000004  c_w.l(libinit2.o)
    0x0800027a   0x00000000   Code   RO         1307    .ARM.Collect$$libinit$$0000000A  c_w.l(libinit2.o)
    0x0800027a   0x00000000   Code   RO         1309    .ARM.Collect$$libinit$$0000000C  c_w.l(libinit2.o)
    0x0800027a   0x00000000   Code   RO         1311    .ARM.Collect$$libinit$$0000000E  c_w.l(libinit2.o)
    0x0800027a   0x00000000   Code   RO         1314    .ARM.Collect$$libinit$$00000011  c_w.l(libinit2.o)
    0x0800027a   0x00000000   Code   RO         1316    .ARM.Collect$$libinit$$00000013  c_w.l(libinit2.o)
    0x0800027a   0x00000000   Code   RO         1318    .ARM.Collect$$libinit$$00000015  c_w.l(libinit2.o)
    0x0800027a   0x00000000   Code   RO         1320    .ARM.Collect$$libinit$$00000017  c_w.l(libinit2.o)
    0x0800027a   0x00000000   Code   RO         1322    .ARM.Collect$$libinit$$00000019  c_w.l(libinit2.o)
    0x0800027a   0x00000000   Code   RO         1324    .ARM.Collect$$libinit$$0000001B  c_w.l(libinit2.o)
    0x0800027a   0x00000000   Code   RO         1326    .ARM.Collect$$libinit$$0000001D  c_w.l(libinit2.o)
    0x0800027a   0x00000000   Code   RO         1328    .ARM.Collect$$libinit$$0000001F  c_w.l(libinit2.o)
    0x0800027a   0x00000000   Code   RO         1330    .ARM.Collect$$libinit$$00000021  c_w.l(libinit2.o)
    0x0800027a   0x00000000   Code   RO         1332    .ARM.Collect$$libinit$$00000023  c_w.l(libinit2.o)
    0x0800027a   0x00000000   Code   RO         1334    .ARM.Collect$$libinit$$00000025  c_w.l(libinit2.o)
    0x0800027a   0x00000000   Code   RO         1338    .ARM.Collect$$libinit$$0000002C  c_w.l(libinit2.o)
    0x0800027a   0x00000000   Code   RO         1340    .ARM.Collect$$libinit$$0000002E  c_w.l(libinit2.o)
    0x0800027a   0x00000000   Code   RO         1342    .ARM.Collect$$libinit$$00000030  c_w.l(libinit2.o)
    0x0800027a   0x00000000   Code   RO         1344    .ARM.Collect$$libinit$$00000032  c_w.l(libinit2.o)
    0x0800027a   0x00000002   Code   RO         1345    .ARM.Collect$$libinit$$00000033  c_w.l(libinit2.o)
    0x0800027c   0x00000002   Code   RO         1365    .ARM.Collect$$libshutdown$$00000000  c_w.l(libshutdown.o)
    0x0800027e   0x00000000   Code   RO         1378    .ARM.Collect$$libshutdown$$00000002  c_w.l(libshutdown2.o)
    0x0800027e   0x00000000   Code   RO         1380    .ARM.Collect$$libshutdown$$00000004  c_w.l(libshutdown2.o)
    0x0800027e   0x00000000   Code   RO         1383    .ARM.Collect$$libshutdown$$00000007  c_w.l(libshutdown2.o)
    0x0800027e   0x00000000   Code   RO         1386    .ARM.Collect$$libshutdown$$0000000A  c_w.l(libshutdown2.o)
    0x0800027e   0x00000000   Code   RO         1388    .ARM.Collect$$libshutdown$$0000000C  c_w.l(libshutdown2.o)
    0x0800027e   0x00000000   Code   RO         1391    .ARM.Collect$$libshutdown$$0000000F  c_w.l(libshutdown2.o)
    0x0800027e   0x00000002   Code   RO         1392    .ARM.Collect$$libshutdown$$00000010  c_w.l(libshutdown2.o)
    0x08000280   0x00000000   Code   RO         1268    .ARM.Collect$$rtentry$$00000000  c_w.l(__rtentry.o)
    0x08000280   0x00000000   Code   RO         1272    .ARM.Collect$$rtentry$$00000002  c_w.l(__rtentry2.o)
    0x08000280   0x00000006   Code   RO         1284    .ARM.Collect$$rtentry$$00000004  c_w.l(__rtentry4.o)
    0x08000286   0x00000000   Code   RO         1274    .ARM.Collect$$rtentry$$00000009  c_w.l(__rtentry2.o)
    0x08000286   0x00000004   Code   RO         1275    .ARM.Collect$$rtentry$$0000000A  c_w.l(__rtentry2.o)
    0x0800028a   0x00000000   Code   RO         1277    .ARM.Collect$$rtentry$$0000000C  c_w.l(__rtentry2.o)
    0x0800028a   0x00000008   Code   RO         1278    .ARM.Collect$$rtentry$$0000000D  c_w.l(__rtentry2.o)
    0x08000292   0x00000002   Code   RO         1299    .ARM.Collect$$rtexit$$00000000  c_w.l(rtexit.o)
    0x08000294   0x00000000   Code   RO         1347    .ARM.Collect$$rtexit$$00000002  c_w.l(rtexit2.o)
    0x08000294   0x00000004   Code   RO         1348    .ARM.Collect$$rtexit$$00000003  c_w.l(rtexit2.o)
    0x08000298   0x00000006   Code   RO         1349    .ARM.Collect$$rtexit$$00000004  c_w.l(rtexit2.o)
    0x0800029e   0x00000002   PAD
    0x080002a0   0x00000038   Code   RO         1195  * .text               startup_xmc4500.o
    0x080002d8   0x0000008a   Code   RO         1262    .text               c_w.l(rt_memcpy_v6.o)
    0x08000362   0x00000006   Code   RO         1264    .text               c_w.l(heapauxi.o)
    0x08000368   0x00000064   Code   RO         1269    .text               c_w.l(rt_memcpy_w.o)
    0x080003cc   0x0000004a   Code   RO         1286    .text               c_w.l(sys_stackheap_outer.o)
    0x08000416   0x00000012   Code   RO         1288    .text               c_w.l(exit.o)
    0x08000428   0x00000008   Code   RO         1296    .text               c_w.l(libspace.o)
    0x08000430   0x0000000c   Code   RO         1357    .text               c_w.l(sys_exit.o)
    0x0800043c   0x00000002   Code   RO         1368    .text               c_w.l(use_no_semi.o)
    0x0800043e   0x00000000   Code   RO         1370    .text               c_w.l(indicate_semi.o)
    0x0800043e   0x00000002   PAD
    0x08000440   0x00000148   Code   RO            4    i.DriveDisplay      l0_matrix_driver.o
    0x08000588   0x00000008   Code   RO         1202    i.OSCHP_GetFrequency  system_xmc4500.o
    0x08000590   0x00000094   Code   RO            5    i.RGBMatrixDriver   l0_matrix_driver.o
    0x08000624   0x00000214   Code   RO         1203    i.SystemCoreClockSetup  system_xmc4500.o
    0x08000838   0x000000a4   Code   RO         1204    i.SystemCoreClockUpdate  system_xmc4500.o
    0x080008dc   0x00000058   Code   RO         1205    i.SystemCoreSetup   system_xmc4500.o
    0x08000934   0x0000001c   Code   RO         1206    i.SystemInit        system_xmc4500.o
    0x08000950   0x000000b0   Code   RO          296    i.XMC_GPIO_Init     xmc4_gpio.o
    0x08000a00   0x0000001c   Code   RO          345    i.XMC_SCU_CLOCK_GetPeripheralClockFrequency  xmc4_scu.o
    0x08000a1c   0x00000020   Code   RO          410    i.XMC_SCU_RESET_DeassertPeripheralReset  xmc4_scu.o
    0x08000a3c   0x00000070   Code   RO         1054    i.XMC_UART_CH_Init  xmc_uart.o
    0x08000aac   0x00000078   Code   RO         1118    i.XMC_USIC_CH_Enable  xmc_usic.o
    0x08000b24   0x00000030   Code   RO         1119    i.XMC_USIC_CH_RXFIFO_Configure  xmc_usic.o
    0x08000b54   0x0000000a   Code   RO          247    i.XMC_USIC_CH_RXFIFO_GetData  l0_uart.o
    0x08000b5e   0x0000000c   Code   RO          248    i.XMC_USIC_CH_RXFIFO_GetLevel  l0_uart.o
    0x08000b6a   0x0000000c   Code   RO          249    i.XMC_USIC_CH_RXFIFO_IsEmpty  l0_uart.o
    0x08000b76   0x00000002   PAD
    0x08000b78   0x00000098   Code   RO         1122    i.XMC_USIC_CH_SetBaudrate  xmc_usic.o
    0x08000c10   0x00000040   Code   RO          911    i.XMC_USIC_Enable   xmc4_usic.o
    0x08000c50   0x00000018   Code   RO         1207    i.delay             system_xmc4500.o
    0x08000c68   0x000002a4   Code   RO          151    i.framebuffer_update_1px  l1_image_processing.o
    0x08000f0c   0x0000004c   Code   RO          152    i.gamma_cor         l1_image_processing.o
    0x08000f58   0x00000244   Code   RO          250    i.getPixelsFromUART  l0_uart.o
    0x0800119c   0x000000e4   Code   RO          126    i.gpio_init         l0_gpio_init.o
    0x08001280   0x00000030   Code   RO          153    i.initEmptyPanel    l1_image_processing.o
    0x080012b0   0x00000018   Code   RO          223    i.main              main.o
    0x080012c8   0x000000a4   Code   RO          192    i.uart_init         l0_uart_init.o
    0x0800136c   0x0000000a   Code   RO         1355    x$fpl$fpinit        fz_wm.l(fpinit.o)
    0x08001376   0x00000002   PAD
    0x08001378   0x00000018   Data   RO          127    .constdata          l0_gpio_init.o
    0x08001390   0x00000100   Data   RO          155    .constdata          l1_image_processing.o
    0x08001490   0x00000018   Data   RO          193    .constdata          l0_uart_init.o
    0x080014a8   0x00000030   Data   RO          425    .constdata          xmc4_scu.o
    0x080014d8   0x00000020   Data   RO         1423    Region$$Table       anon$$obj.o


    Execution Region ER_RW (Base: 0x20000000, Size: 0x00000014, Max: 0xffffffff, ABSOLUTE)

    Base Addr    Size         Type   Attr      Idx    E Section Name        Object

    0x20000000   0x00000002   Data   RW            6    .data               l0_matrix_driver.o
    0x20000002   0x00000002   PAD
    0x20000004   0x00000008   Data   RW          156    .data               l1_image_processing.o
    0x2000000c   0x00000006   Data   RW          252    .data               l0_uart.o


    Execution Region ER_ZI (Base: 0x20000014, Size: 0x00005664, Max: 0xffffffff, ABSOLUTE)

    Base Addr    Size         Type   Attr      Idx    E Section Name        Object

    0x20000014   0x00004000   Zero   RW          154    .bss                l1_image_processing.o
    0x20004014   0x00000c00   Zero   RW          251    .bss                l0_uart.o
    0x20004c14   0x00000060   Zero   RW         1297    .bss                c_w.l(libspace.o)
    0x20004c74   0x00000004   PAD
    0x20004c78   0x00000200   Zero   RW         1193    HEAP                startup_xmc4500.o
    0x20004e78   0x00000800   Zero   RW         1192    STACK               startup_xmc4500.o



  Load Region LR$$.ARM.__AT_0x2000FFC0 (Base: 0x2000ffc0, Size: 0x00000000, Max: 0x00000004, ABSOLUTE)

    Execution Region ER$$.ARM.__AT_0x2000FFC0 (Base: 0x2000ffc0, Size: 0x00000004, Max: 0x00000004, ABSOLUTE, UNINIT)

    Base Addr    Size         Type   Attr      Idx    E Section Name        Object

    0x2000ffc0   0x00000004   Zero   RW         1208    .ARM.__AT_0x2000FFC0  system_xmc4500.o



  Load Region LR$$.ARM.__AT_0x2000FFC4 (Base: 0x2000ffc4, Size: 0x00000000, Max: 0x00000010, ABSOLUTE)

    Execution Region ER$$.ARM.__AT_0x2000FFC4 (Base: 0x2000ffc4, Size: 0x00000010, Max: 0x00000010, ABSOLUTE, UNINIT)

    Base Addr    Size         Type   Attr      Idx    E Section Name        Object

    0x2000ffc4   0x00000010   Zero   RW         1209    .ARM.__AT_0x2000FFC4  system_xmc4500.o


==============================================================================

Image component sizes


      Code (inc. data)   RO Data    RW Data    ZI Data      Debug   Object Name

       228         12         24          0          0        616   l0_gpio_init.o
       476         20          0          2          0     487617   l0_matrix_driver.o
       614         18          0          6       3072      13656   l0_uart.o
       164         18         24          0          0      15944   l0_uart_init.o
       800         30        256          8      16384       2844   l1_image_processing.o
        24          0          0          0          0        459   main.o
        56         32        512          0       2560        504   startup_xmc4500.o
       844         84          0          0         20       7118   system_xmc4500.o
       176         10          0          0          0       1240   xmc4_gpio.o
        60         14         48          0          0      12268   xmc4_scu.o
        64         16          0          0          0       1086   xmc4_usic.o
       112          0          0          0          0      16247   xmc_uart.o
       320         38          0          0          0       3002   xmc_usic.o

    ----------------------------------------------------------------------
      3940        292        896         20      22036     562601   Object Totals
         0          0         32          0          0          0   (incl. Generated)
         2          0          0          4          0          0   (incl. Padding)

    ----------------------------------------------------------------------

      Code (inc. data)   RO Data    RW Data    ZI Data      Debug   Library Member Name

         8          0          0          0          0         68   __main.o
         0          0          0          0          0          0   __rtentry.o
        12          0          0          0          0          0   __rtentry2.o
         6          0          0          0          0          0   __rtentry4.o
        52          8          0          0          0          0   __scatter.o
        26          0          0          0          0          0   __scatter_copy.o
        28          0          0          0          0          0   __scatter_zi.o
        18          0          0          0          0         80   exit.o
         6          0          0          0          0        152   heapauxi.o
         0          0          0          0          0          0   indicate_semi.o
         2          0          0          0          0          0   libinit.o
         6          0          0          0          0          0   libinit2.o
         2          0          0          0          0          0   libshutdown.o
         2          0          0          0          0          0   libshutdown2.o
         8          4          0          0         96         68   libspace.o
       138          0          0          0          0         68   rt_memcpy_v6.o
       100          0          0          0          0         80   rt_memcpy_w.o
         2          0          0          0          0          0   rtexit.o
        10          0          0          0          0          0   rtexit2.o
        12          4          0          0          0         68   sys_exit.o
        74          0          0          0          0         80   sys_stackheap_outer.o
         2          0          0          0          0         68   use_no_semi.o
        10          0          0          0          0        116   fpinit.o

    ----------------------------------------------------------------------
       532         16          0          0        100        848   Library Totals
         8          0          0          0          4          0   (incl. Padding)

    ----------------------------------------------------------------------

      Code (inc. data)   RO Data    RW Data    ZI Data      Debug   Library Name

       514         16          0          0         96        732   c_w.l
        10          0          0          0          0        116   fz_wm.l

    ----------------------------------------------------------------------
       532         16          0          0        100        848   Library Totals

    ----------------------------------------------------------------------

==============================================================================


      Code (inc. data)   RO Data    RW Data    ZI Data      Debug   

      4472        308        896         20      22136     560989   Grand Totals
      4472        308        896         20      22136     560989   ELF Image Totals
      4472        308        896         20          0          0   ROM Totals

==============================================================================

    Total RO  Size (Code + RO Data)                 5368 (   5.24kB)
    Total RW  Size (RW Data + ZI Data)             22156 (  21.64kB)
    Total ROM Size (Code + RO Data + RW Data)       5388 (   5.26kB)

==============================================================================

